warn: Microsoft.EntityFrameworkCore.Model.Validation[10622]
      Entity 'Supplier' has a global query filter defined and is the required end of a relationship with the entity 'PurchaseOrder'. This may lead to unexpected results when the required entity is filtered out. Either configure the navigation as optional, or define matching query filters for both entities in the navigation. See https://go.microsoft.com/fwlink/?linkid=2131316 for more information.
warn: Microsoft.EntityFrameworkCore.Model.Validation[10622]
      Entity 'Item' has a global query filter defined and is the required end of a relationship with the entity 'PurchaseOrderLine'. This may lead to unexpected results when the required entity is filtered out. Either configure the navigation as optional, or define matching query filters for both entities in the navigation. See https://go.microsoft.com/fwlink/?linkid=2131316 for more information.
warn: Microsoft.EntityFrameworkCore.Model.Validation[10622]
      Entity 'Customer' has a global query filter defined and is the required end of a relationship with the entity 'SalesQuote'. This may lead to unexpected results when the required entity is filtered out. Either configure the navigation as optional, or define matching query filters for both entities in the navigation. See https://go.microsoft.com/fwlink/?linkid=2131316 for more information.
warn: Microsoft.EntityFrameworkCore.Model.Validation[10622]
      Entity 'Item' has a global query filter defined and is the required end of a relationship with the entity 'SalesQuoteLine'. This may lead to unexpected results when the required entity is filtered out. Either configure the navigation as optional, or define matching query filters for both entities in the navigation. See https://go.microsoft.com/fwlink/?linkid=2131316 for more information.
warn: Microsoft.EntityFrameworkCore.Model.Validation[10622]
      Entity 'Warehouse' has a global query filter defined and is the required end of a relationship with the entity 'StockCount'. This may lead to unexpected results when the required entity is filtered out. Either configure the navigation as optional, or define matching query filters for both entities in the navigation. See https://go.microsoft.com/fwlink/?linkid=2131316 for more information.
warn: Microsoft.EntityFrameworkCore.Model.Validation[10622]
      Entity 'Item' has a global query filter defined and is the required end of a relationship with the entity 'StockCountLine'. This may lead to unexpected results when the required entity is filtered out. Either configure the navigation as optional, or define matching query filters for both entities in the navigation. See https://go.microsoft.com/fwlink/?linkid=2131316 for more information.
warn: Microsoft.EntityFrameworkCore.Model.Validation[30000]
      No store type was specified for the decimal property 'DiscountAmount' on entity type 'PurchaseOrder'. This will cause values to be silently truncated if they do not fit in the default precision and scale. Explicitly specify the SQL server column type that can accommodate all the values in 'OnModelCreating' using 'HasColumnType', specify precision and scale using 'HasPrecision', or configure a value converter using 'HasConversion'.
warn: Microsoft.EntityFrameworkCore.Model.Validation[30000]
      No store type was specified for the decimal property 'DiscountPercentage' on entity type 'PurchaseOrder'. This will cause values to be silently truncated if they do not fit in the default precision and scale. Explicitly specify the SQL server column type that can accommodate all the values in 'OnModelCreating' using 'HasColumnType', specify precision and scale using 'HasPrecision', or configure a value converter using 'HasConversion'.
warn: Microsoft.EntityFrameworkCore.Model.Validation[30000]
      No store type was specified for the decimal property 'SubTotal' on entity type 'PurchaseOrder'. This will cause values to be silently truncated if they do not fit in the default precision and scale. Explicitly specify the SQL server column type that can accommodate all the values in 'OnModelCreating' using 'HasColumnType', specify precision and scale using 'HasPrecision', or configure a value converter using 'HasConversion'.
warn: Microsoft.EntityFrameworkCore.Model.Validation[30000]
      No store type was specified for the decimal property 'TaxAmount' on entity type 'PurchaseOrder'. This will cause values to be silently truncated if they do not fit in the default precision and scale. Explicitly specify the SQL server column type that can accommodate all the values in 'OnModelCreating' using 'HasColumnType', specify precision and scale using 'HasPrecision', or configure a value converter using 'HasConversion'.
warn: Microsoft.EntityFrameworkCore.Model.Validation[30000]
      No store type was specified for the decimal property 'TaxRate' on entity type 'PurchaseOrder'. This will cause values to be silently truncated if they do not fit in the default precision and scale. Explicitly specify the SQL server column type that can accommodate all the values in 'OnModelCreating' using 'HasColumnType', specify precision and scale using 'HasPrecision', or configure a value converter using 'HasConversion'.
warn: Microsoft.EntityFrameworkCore.Model.Validation[30000]
      No store type was specified for the decimal property 'TotalAmount' on entity type 'PurchaseOrder'. This will cause values to be silently truncated if they do not fit in the default precision and scale. Explicitly specify the SQL server column type that can accommodate all the values in 'OnModelCreating' using 'HasColumnType', specify precision and scale using 'HasPrecision', or configure a value converter using 'HasConversion'.
warn: Microsoft.EntityFrameworkCore.Model.Validation[30000]
      No store type was specified for the decimal property 'LineTotal' on entity type 'PurchaseOrderLine'. This will cause values to be silently truncated if they do not fit in the default precision and scale. Explicitly specify the SQL server column type that can accommodate all the values in 'OnModelCreating' using 'HasColumnType', specify precision and scale using 'HasPrecision', or configure a value converter using 'HasConversion'.
warn: Microsoft.EntityFrameworkCore.Model.Validation[30000]
      No store type was specified for the decimal property 'Quantity' on entity type 'PurchaseOrderLine'. This will cause values to be silently truncated if they do not fit in the default precision and scale. Explicitly specify the SQL server column type that can accommodate all the values in 'OnModelCreating' using 'HasColumnType', specify precision and scale using 'HasPrecision', or configure a value converter using 'HasConversion'.
warn: Microsoft.EntityFrameworkCore.Model.Validation[30000]
      No store type was specified for the decimal property 'UnitPrice' on entity type 'PurchaseOrderLine'. This will cause values to be silently truncated if they do not fit in the default precision and scale. Explicitly specify the SQL server column type that can accommodate all the values in 'OnModelCreating' using 'HasColumnType', specify precision and scale using 'HasPrecision', or configure a value converter using 'HasConversion'.
warn: Microsoft.EntityFrameworkCore.Model.Validation[30000]
      No store type was specified for the decimal property 'DiscountAmount' on entity type 'SalesQuote'. This will cause values to be silently truncated if they do not fit in the default precision and scale. Explicitly specify the SQL server column type that can accommodate all the values in 'OnModelCreating' using 'HasColumnType', specify precision and scale using 'HasPrecision', or configure a value converter using 'HasConversion'.
warn: Microsoft.EntityFrameworkCore.Model.Validation[30000]
      No store type was specified for the decimal property 'DiscountPercentage' on entity type 'SalesQuote'. This will cause values to be silently truncated if they do not fit in the default precision and scale. Explicitly specify the SQL server column type that can accommodate all the values in 'OnModelCreating' using 'HasColumnType', specify precision and scale using 'HasPrecision', or configure a value converter using 'HasConversion'.
warn: Microsoft.EntityFrameworkCore.Model.Validation[30000]
      No store type was specified for the decimal property 'SubTotal' on entity type 'SalesQuote'. This will cause values to be silently truncated if they do not fit in the default precision and scale. Explicitly specify the SQL server column type that can accommodate all the values in 'OnModelCreating' using 'HasColumnType', specify precision and scale using 'HasPrecision', or configure a value converter using 'HasConversion'.
warn: Microsoft.EntityFrameworkCore.Model.Validation[30000]
      No store type was specified for the decimal property 'TaxAmount' on entity type 'SalesQuote'. This will cause values to be silently truncated if they do not fit in the default precision and scale. Explicitly specify the SQL server column type that can accommodate all the values in 'OnModelCreating' using 'HasColumnType', specify precision and scale using 'HasPrecision', or configure a value converter using 'HasConversion'.
warn: Microsoft.EntityFrameworkCore.Model.Validation[30000]
      No store type was specified for the decimal property 'TaxRate' on entity type 'SalesQuote'. This will cause values to be silently truncated if they do not fit in the default precision and scale. Explicitly specify the SQL server column type that can accommodate all the values in 'OnModelCreating' using 'HasColumnType', specify precision and scale using 'HasPrecision', or configure a value converter using 'HasConversion'.
warn: Microsoft.EntityFrameworkCore.Model.Validation[30000]
      No store type was specified for the decimal property 'TotalAmount' on entity type 'SalesQuote'. This will cause values to be silently truncated if they do not fit in the default precision and scale. Explicitly specify the SQL server column type that can accommodate all the values in 'OnModelCreating' using 'HasColumnType', specify precision and scale using 'HasPrecision', or configure a value converter using 'HasConversion'.
warn: Microsoft.EntityFrameworkCore.Model.Validation[30000]
      No store type was specified for the decimal property 'LineTotal' on entity type 'SalesQuoteLine'. This will cause values to be silently truncated if they do not fit in the default precision and scale. Explicitly specify the SQL server column type that can accommodate all the values in 'OnModelCreating' using 'HasColumnType', specify precision and scale using 'HasPrecision', or configure a value converter using 'HasConversion'.
warn: Microsoft.EntityFrameworkCore.Model.Validation[30000]
      No store type was specified for the decimal property 'Quantity' on entity type 'SalesQuoteLine'. This will cause values to be silently truncated if they do not fit in the default precision and scale. Explicitly specify the SQL server column type that can accommodate all the values in 'OnModelCreating' using 'HasColumnType', specify precision and scale using 'HasPrecision', or configure a value converter using 'HasConversion'.
warn: Microsoft.EntityFrameworkCore.Model.Validation[30000]
      No store type was specified for the decimal property 'UnitPrice' on entity type 'SalesQuoteLine'. This will cause values to be silently truncated if they do not fit in the default precision and scale. Explicitly specify the SQL server column type that can accommodate all the values in 'OnModelCreating' using 'HasColumnType', specify precision and scale using 'HasPrecision', or configure a value converter using 'HasConversion'.
warn: Microsoft.EntityFrameworkCore.Model.Validation[30000]
      No store type was specified for the decimal property 'CountedQuantity' on entity type 'StockCountLine'. This will cause values to be silently truncated if they do not fit in the default precision and scale. Explicitly specify the SQL server column type that can accommodate all the values in 'OnModelCreating' using 'HasColumnType', specify precision and scale using 'HasPrecision', or configure a value converter using 'HasConversion'.
warn: Microsoft.EntityFrameworkCore.Model.Validation[30000]
      No store type was specified for the decimal property 'Difference' on entity type 'StockCountLine'. This will cause values to be silently truncated if they do not fit in the default precision and scale. Explicitly specify the SQL server column type that can accommodate all the values in 'OnModelCreating' using 'HasColumnType', specify precision and scale using 'HasPrecision', or configure a value converter using 'HasConversion'.
warn: Microsoft.EntityFrameworkCore.Model.Validation[30000]
      No store type was specified for the decimal property 'SystemQuantity' on entity type 'StockCountLine'. This will cause values to be silently truncated if they do not fit in the default precision and scale. Explicitly specify the SQL server column type that can accommodate all the values in 'OnModelCreating' using 'HasColumnType', specify precision and scale using 'HasPrecision', or configure a value converter using 'HasConversion'.
info: Microsoft.EntityFrameworkCore.Database.Command[20101]
      Executed DbCommand (29ms) [Parameters=[], CommandType='Text', CommandTimeout='30']
      SELECT 1
info: Microsoft.EntityFrameworkCore.Migrations[20411]
      Acquiring an exclusive lock for migration application. See https://aka.ms/efcore-docs-migrations-lock for more information if this takes too long.
info: Microsoft.EntityFrameworkCore.Database.Command[20101]
      Executed DbCommand (38ms) [Parameters=[], CommandType='Text', CommandTimeout='30']
      DECLARE @result int;
      EXEC @result = sp_getapplock @Resource = '__EFMigrationsLock', @LockOwner = 'Session', @LockMode = 'Exclusive';
      SELECT @result
info: Microsoft.EntityFrameworkCore.Database.Command[20101]
      Executed DbCommand (3ms) [Parameters=[], CommandType='Text', CommandTimeout='30']
      IF OBJECT_ID(N'[__EFMigrationsHistory]') IS NULL
      BEGIN
          CREATE TABLE [__EFMigrationsHistory] (
              [MigrationId] nvarchar(150) NOT NULL,
              [ProductVersion] nvarchar(32) NOT NULL,
              CONSTRAINT [PK___EFMigrationsHistory] PRIMARY KEY ([MigrationId])
          );
      END;
info: Microsoft.EntityFrameworkCore.Database.Command[20101]
      Executed DbCommand (0ms) [Parameters=[], CommandType='Text', CommandTimeout='30']
      SELECT 1
info: Microsoft.EntityFrameworkCore.Database.Command[20101]
      Executed DbCommand (1ms) [Parameters=[], CommandType='Text', CommandTimeout='30']
      SELECT OBJECT_ID(N'[__EFMigrationsHistory]');
info: Microsoft.EntityFrameworkCore.Database.Command[20101]
      Executed DbCommand (17ms) [Parameters=[], CommandType='Text', CommandTimeout='30']
      SELECT [MigrationId], [ProductVersion]
      FROM [__EFMigrationsHistory]
      ORDER BY [MigrationId];
info: Microsoft.EntityFrameworkCore.Migrations[20405]
      No migrations were applied. The database is already up to date.
info: Microsoft.EntityFrameworkCore.Database.Command[20101]
      Executed DbCommand (5ms) [Parameters=[], CommandType='Text', CommandTimeout='30']
      DECLARE @result int;
      EXEC @result = sp_releaseapplock @Resource = '__EFMigrationsLock', @LockOwner = 'Session';
      SELECT @result
info: Microsoft.EntityFrameworkCore.Database.Command[20101]
      Executed DbCommand (317ms) [Parameters=[@normalizedName='?' (Size = 256)], CommandType='Text', CommandTimeout='30']
      SELECT TOP(1) [a].[Id], [a].[ConcurrencyStamp], [a].[Name], [a].[NormalizedName]
      FROM [AspNetRoles] AS [a]
      WHERE [a].[NormalizedName] = @normalizedName
info: Microsoft.EntityFrameworkCore.Database.Command[20101]
      Executed DbCommand (2ms) [Parameters=[@normalizedName='?' (Size = 256)], CommandType='Text', CommandTimeout='30']
      SELECT TOP(1) [a].[Id], [a].[ConcurrencyStamp], [a].[Name], [a].[NormalizedName]
      FROM [AspNetRoles] AS [a]
      WHERE [a].[NormalizedName] = @normalizedName
info: Microsoft.EntityFrameworkCore.Database.Command[20101]
      Executed DbCommand (5ms) [Parameters=[@role_Id='?' (Size = 450)], CommandType='Text', CommandTimeout='30']
      SELECT [a].[ClaimType], [a].[ClaimValue]
      FROM [AspNetRoleClaims] AS [a]
      WHERE [a].[RoleId] = @role_Id
info: Microsoft.EntityFrameworkCore.Database.Command[20101]
      Executed DbCommand (5ms) [Parameters=[@normalizedEmail='?' (Size = 256)], CommandType='Text', CommandTimeout='30']
      SELECT TOP(2) [a].[Id], [a].[AccessFailedCount], [a].[ConcurrencyStamp], [a].[Email], [a].[EmailConfirmed], [a].[LockoutEnabled], [a].[LockoutEnd], [a].[NormalizedEmail], [a].[NormalizedUserName], [a].[PasswordHash], [a].[PhoneNumber], [a].[PhoneNumberConfirmed], [a].[SecurityStamp], [a].[TwoFactorEnabled], [a].[UserName]
      FROM [AspNetUsers] AS [a]
      WHERE [a].[NormalizedEmail] = @normalizedEmail
info: Microsoft.Hosting.Lifetime[14]
      Now listening on: http://localhost:5186
info: Microsoft.Hosting.Lifetime[0]
      Application started. Press Ctrl+C to shut down.
info: Microsoft.Hosting.Lifetime[0]
      Hosting environment: Development
info: Microsoft.Hosting.Lifetime[0]
      Content root path: D:\ERPSystem\src\Web\bin\Debug\net10.0
warn: Microsoft.AspNetCore.HttpsPolicy.HttpsRedirectionMiddleware[3]
      Failed to determine the https port for redirect.
info: Microsoft.EntityFrameworkCore.Database.Command[20101]
      Executed DbCommand (21ms) [Parameters=[], CommandType='Text', CommandTimeout='30']
      SELECT [i].[Id], [i].[Barcode], [i].[CategoryId], [i].[Code], [i].[CostPrice], [i].[CreatedAt], [i].[CreatedBy], [i].[CurrentStock], [i].[Description], [i].[IsActive], [i].[IsDeleted], [i].[IsSystem], [i].[MaxStockLevel], [i].[MinStockLevel], [i].[NameAr], [i].[NameEn], [i].[SalePrice], [i].[UnitId], [i].[UpdatedAt], [i].[UpdatedBy], [c0].[Id], [c0].[Code], [c0].[CreatedAt], [c0].[CreatedBy], [c0].[Description], [c0].[IsActive], [c0].[IsDeleted], [c0].[IsSystem], [c0].[NameAr], [c0].[NameEn], [c0].[ParentCategoryId], [c0].[UpdatedAt], [c0].[UpdatedBy], [u0].[Id], [u0].[Code], [u0].[CreatedAt], [u0].[CreatedBy], [u0].[IsActive], [u0].[IsDeleted], [u0].[IsSystem], [u0].[NameAr], [u0].[NameEn], [u0].[UpdatedAt], [u0].[UpdatedBy]
      FROM [Items] AS [i]
      INNER JOIN (
          SELECT [c].[Id], [c].[Code], [c].[CreatedAt], [c].[CreatedBy], [c].[Description], [c].[IsActive], [c].[IsDeleted], [c].[IsSystem], [c].[NameAr], [c].[NameEn], [c].[ParentCategoryId], [c].[UpdatedAt], [c].[UpdatedBy]
          FROM [Categories] AS [c]
          WHERE [c].[IsDeleted] = CAST(0 AS bit)
      ) AS [c0] ON [i].[CategoryId] = [c0].[Id]
      INNER JOIN (
          SELECT [u].[Id], [u].[Code], [u].[CreatedAt], [u].[CreatedBy], [u].[IsActive], [u].[IsDeleted], [u].[IsSystem], [u].[NameAr], [u].[NameEn], [u].[UpdatedAt], [u].[UpdatedBy]
          FROM [Units] AS [u]
          WHERE [u].[IsDeleted] = CAST(0 AS bit)
      ) AS [u0] ON [i].[UnitId] = [u0].[Id]
      WHERE [i].[IsDeleted] = CAST(0 AS bit)
      ORDER BY [i].[Code]
info: Microsoft.EntityFrameworkCore.Database.Command[20101]
      Executed DbCommand (13ms) [Parameters=[], CommandType='Text', CommandTimeout='30']
      SELECT [s].[Id], [s].[CogsJournalEntryId], [s].[CreatedAt], [s].[CreatedBy], [s].[CustomerId], [s].[DiscountAmount], [s].[DiscountPercentage], [s].[InvoiceDate], [s].[InvoiceNumber], [s].[InvoiceType], [s].[IsDeleted], [s].[IsPos], [s].[Note], [s].[PaidAmount], [s].[SalesJournalEntryId], [s].[Status], [s].[SubTotal], [s].[TaxAmount], [s].[TaxRate], [s].[TotalAmount], [s].[UpdatedAt], [s].[UpdatedBy], [s].[WarehouseId], [c0].[Id], [c0].[Address], [c0].[Code], [c0].[CreatedAt], [c0].[CreatedBy], [c0].[CreditLimit], [c0].[CurrentBalance], [c0].[Email], [c0].[IsActive], [c0].[IsDeleted], [c0].[IsSystem], [c0].[NameAr], [c0].[NameEn], [c0].[Notes], [c0].[Phone], [c0].[TaxNumber], [c0].[UpdatedAt], [c0].[UpdatedBy], [w0].[Id], [w0].[Code], [w0].[CreatedAt], [w0].[CreatedBy], [w0].[IsActive], [w0].[IsDefault], [w0].[IsDeleted], [w0].[IsSystem], [w0].[Location], [w0].[NameAr], [w0].[NameEn], [w0].[UpdatedAt], [w0].[UpdatedBy]
      FROM [SalesInvoices] AS [s]
      INNER JOIN (
          SELECT [c].[Id], [c].[Address], [c].[Code], [c].[CreatedAt], [c].[CreatedBy], [c].[CreditLimit], [c].[CurrentBalance], [c].[Email], [c].[IsActive], [c].[IsDeleted], [c].[IsSystem], [c].[NameAr], [c].[NameEn], [c].[Notes], [c].[Phone], [c].[TaxNumber], [c].[UpdatedAt], [c].[UpdatedBy]
          FROM [Customers] AS [c]
          WHERE [c].[IsDeleted] = CAST(0 AS bit)
      ) AS [c0] ON [s].[CustomerId] = [c0].[Id]
      INNER JOIN (
          SELECT [w].[Id], [w].[Code], [w].[CreatedAt], [w].[CreatedBy], [w].[IsActive], [w].[IsDefault], [w].[IsDeleted], [w].[IsSystem], [w].[Location], [w].[NameAr], [w].[NameEn], [w].[UpdatedAt], [w].[UpdatedBy]
          FROM [Warehouses] AS [w]
          WHERE [w].[IsDeleted] = CAST(0 AS bit)
      ) AS [w0] ON [s].[WarehouseId] = [w0].[Id]
      WHERE [s].[IsDeleted] = CAST(0 AS bit)
      ORDER BY [s].[InvoiceDate] DESC, [s].[CreatedAt] DESC
info: Microsoft.EntityFrameworkCore.Database.Command[20101]
      Executed DbCommand (4ms) [Parameters=[@normalizedUserName='?' (Size = 256)], CommandType='Text', CommandTimeout='30']
      SELECT TOP(1) [a].[Id], [a].[AccessFailedCount], [a].[ConcurrencyStamp], [a].[Email], [a].[EmailConfirmed], [a].[LockoutEnabled], [a].[LockoutEnd], [a].[NormalizedEmail], [a].[NormalizedUserName], [a].[PasswordHash], [a].[PhoneNumber], [a].[PhoneNumberConfirmed], [a].[SecurityStamp], [a].[TwoFactorEnabled], [a].[UserName]
      FROM [AspNetUsers] AS [a]
      WHERE [a].[NormalizedUserName] = @normalizedUserName
info: Microsoft.EntityFrameworkCore.Database.Command[20101]
      Executed DbCommand (10ms) [Parameters=[], CommandType='Text', CommandTimeout='30']
      SELECT [p].[Id], [p].[CreatedAt], [p].[CreatedBy], [p].[InvoiceDate], [p].[InvoiceNumber], [p].[InvoiceType], [p].[IsDeleted], [p].[JournalEntryId], [p].[Note], [p].[PaidAmount], [p].[Status], [p].[SubTotal], [p].[SupplierId], [p].[TotalAmount], [p].[UpdatedAt], [p].[UpdatedBy], [p].[WarehouseId], [s0].[Id], [s0].[Address], [s0].[Code], [s0].[CreatedAt], [s0].[CreatedBy], [s0].[CreditLimit], [s0].[CurrentBalance], [s0].[Email], [s0].[IsActive], [s0].[IsDeleted], [s0].[IsSystem], [s0].[NameAr], [s0].[NameEn], [s0].[Notes], [s0].[Phone], [s0].[TaxNumber], [s0].[UpdatedAt], [s0].[UpdatedBy], [w0].[Id], [w0].[Code], [w0].[CreatedAt], [w0].[CreatedBy], [w0].[IsActive], [w0].[IsDefault], [w0].[IsDeleted], [w0].[IsSystem], [w0].[Location], [w0].[NameAr], [w0].[NameEn], [w0].[UpdatedAt], [w0].[UpdatedBy]
      FROM [PurchaseInvoices] AS [p]
      INNER JOIN (
          SELECT [s].[Id], [s].[Address], [s].[Code], [s].[CreatedAt], [s].[CreatedBy], [s].[CreditLimit], [s].[CurrentBalance], [s].[Email], [s].[IsActive], [s].[IsDeleted], [s].[IsSystem], [s].[NameAr], [s].[NameEn], [s].[Notes], [s].[Phone], [s].[TaxNumber], [s].[UpdatedAt], [s].[UpdatedBy]
          FROM [Suppliers] AS [s]
          WHERE [s].[IsDeleted] = CAST(0 AS bit)
      ) AS [s0] ON [p].[SupplierId] = [s0].[Id]
      INNER JOIN (
          SELECT [w].[Id], [w].[Code], [w].[CreatedAt], [w].[CreatedBy], [w].[IsActive], [w].[IsDefault], [w].[IsDeleted], [w].[IsSystem], [w].[Location], [w].[NameAr], [w].[NameEn], [w].[UpdatedAt], [w].[UpdatedBy]
          FROM [Warehouses] AS [w]
          WHERE [w].[IsDeleted] = CAST(0 AS bit)
      ) AS [w0] ON [p].[WarehouseId] = [w0].[Id]
      WHERE [p].[IsDeleted] = CAST(0 AS bit)
      ORDER BY [p].[InvoiceDate] DESC, [p].[CreatedAt] DESC
info: Microsoft.EntityFrameworkCore.Database.Command[20101]
      Executed DbCommand (12ms) [Parameters=[], CommandType='Text', CommandTimeout='30']
      SELECT [s].[Id], [s].[CreatedAt], [s].[CreatedBy], [s].[IsDeleted], [s].[ItemId], [s].[MovementDate], [s].[MovementType], [s].[Note], [s].[Quantity], [s].[ReferenceNumber], [s].[UnitCost], [s].[UpdatedAt], [s].[UpdatedBy], [s].[WarehouseId], [i0].[Id], [i0].[Barcode], [i0].[CategoryId], [i0].[Code], [i0].[CostPrice], [i0].[CreatedAt], [i0].[CreatedBy], [i0].[CurrentStock], [i0].[Description], [i0].[IsActive], [i0].[IsDeleted], [i0].[IsSystem], [i0].[MaxStockLevel], [i0].[MinStockLevel], [i0].[NameAr], [i0].[NameEn], [i0].[SalePrice], [i0].[UnitId], [i0].[UpdatedAt], [i0].[UpdatedBy], [w0].[Id], [w0].[Code], [w0].[CreatedAt], [w0].[CreatedBy], [w0].[IsActive], [w0].[IsDefault], [w0].[IsDeleted], [w0].[IsSystem], [w0].[Location], [w0].[NameAr], [w0].[NameEn], [w0].[UpdatedAt], [w0].[UpdatedBy]
      FROM [StockMovements] AS [s]
      INNER JOIN (
          SELECT [i].[Id], [i].[Barcode], [i].[CategoryId], [i].[Code], [i].[CostPrice], [i].[CreatedAt], [i].[CreatedBy], [i].[CurrentStock], [i].[Description], [i].[IsActive], [i].[IsDeleted], [i].[IsSystem], [i].[MaxStockLevel], [i].[MinStockLevel], [i].[NameAr], [i].[NameEn], [i].[SalePrice], [i].[UnitId], [i].[UpdatedAt], [i].[UpdatedBy]
          FROM [Items] AS [i]
          WHERE [i].[IsDeleted] = CAST(0 AS bit)
      ) AS [i0] ON [s].[ItemId] = [i0].[Id]
      INNER JOIN (
          SELECT [w].[Id], [w].[Code], [w].[CreatedAt], [w].[CreatedBy], [w].[IsActive], [w].[IsDefault], [w].[IsDeleted], [w].[IsSystem], [w].[Location], [w].[NameAr], [w].[NameEn], [w].[UpdatedAt], [w].[UpdatedBy]
          FROM [Warehouses] AS [w]
          WHERE [w].[IsDeleted] = CAST(0 AS bit)
      ) AS [w0] ON [s].[WarehouseId] = [w0].[Id]
      WHERE [s].[IsDeleted] = CAST(0 AS bit)
      ORDER BY [s].[MovementDate] DESC, [s].[CreatedAt] DESC
info: Microsoft.EntityFrameworkCore.Database.Command[20101]
      Executed DbCommand (4ms) [Parameters=[@user_Id='?' (Size = 450)], CommandType='Text', CommandTimeout='30']
      SELECT [a].[Id], [a].[ClaimType], [a].[ClaimValue], [a].[UserId]
      FROM [AspNetUserClaims] AS [a]
      WHERE [a].[UserId] = @user_Id
info: Microsoft.EntityFrameworkCore.Database.Command[20101]
      Executed DbCommand (6ms) [Parameters=[@userId='?' (Size = 450)], CommandType='Text', CommandTimeout='30']
      SELECT [a0].[Name]
      FROM [AspNetUserRoles] AS [a]
      INNER JOIN [AspNetRoles] AS [a0] ON [a].[RoleId] = [a0].[Id]
      WHERE [a].[UserId] = @userId
info: Microsoft.EntityFrameworkCore.Database.Command[20101]
      Executed DbCommand (1ms) [Parameters=[@normalizedName='?' (Size = 256)], CommandType='Text', CommandTimeout='30']
      SELECT TOP(1) [a].[Id], [a].[ConcurrencyStamp], [a].[Name], [a].[NormalizedName]
      FROM [AspNetRoles] AS [a]
      WHERE [a].[NormalizedName] = @normalizedName
info: Microsoft.EntityFrameworkCore.Database.Command[20101]
      Executed DbCommand (1ms) [Parameters=[@role_Id='?' (Size = 450)], CommandType='Text', CommandTimeout='30']
      SELECT [a].[ClaimType], [a].[ClaimValue]
      FROM [AspNetRoleClaims] AS [a]
      WHERE [a].[RoleId] = @role_Id
info: Microsoft.EntityFrameworkCore.Database.Command[20101]
      Executed DbCommand (1ms) [Parameters=[@userId='?' (Size = 450)], CommandType='Text', CommandTimeout='30']
      SELECT [a0].[Name]
      FROM [AspNetUserRoles] AS [a]
      INNER JOIN [AspNetRoles] AS [a0] ON [a].[RoleId] = [a0].[Id]
      WHERE [a].[UserId] = @userId
info: Microsoft.EntityFrameworkCore.Database.Command[20101]
      Executed DbCommand (1ms) [Parameters=[@normalizedName='?' (Size = 256)], CommandType='Text', CommandTimeout='30']
      SELECT TOP(1) [a].[Id], [a].[ConcurrencyStamp], [a].[Name], [a].[NormalizedName]
      FROM [AspNetRoles] AS [a]
      WHERE [a].[NormalizedName] = @normalizedName
info: Microsoft.EntityFrameworkCore.Database.Command[20101]
      Executed DbCommand (1ms) [Parameters=[@role_Id='?' (Size = 450)], CommandType='Text', CommandTimeout='30']
      SELECT [a].[ClaimType], [a].[ClaimValue]
      FROM [AspNetRoleClaims] AS [a]
      WHERE [a].[RoleId] = @role_Id
info: Microsoft.EntityFrameworkCore.Database.Command[20101]
      Executed DbCommand (1ms) [Parameters=[], CommandType='Text', CommandTimeout='30']
      SELECT [i].[Id], [i].[Barcode], [i].[CategoryId], [i].[Code], [i].[CostPrice], [i].[CreatedAt], [i].[CreatedBy], [i].[CurrentStock], [i].[Description], [i].[IsActive], [i].[IsDeleted], [i].[IsSystem], [i].[MaxStockLevel], [i].[MinStockLevel], [i].[NameAr], [i].[NameEn], [i].[SalePrice], [i].[UnitId], [i].[UpdatedAt], [i].[UpdatedBy], [c0].[Id], [c0].[Code], [c0].[CreatedAt], [c0].[CreatedBy], [c0].[Description], [c0].[IsActive], [c0].[IsDeleted], [c0].[IsSystem], [c0].[NameAr], [c0].[NameEn], [c0].[ParentCategoryId], [c0].[UpdatedAt], [c0].[UpdatedBy], [u0].[Id], [u0].[Code], [u0].[CreatedAt], [u0].[CreatedBy], [u0].[IsActive], [u0].[IsDeleted], [u0].[IsSystem], [u0].[NameAr], [u0].[NameEn], [u0].[UpdatedAt], [u0].[UpdatedBy]
      FROM [Items] AS [i]
      INNER JOIN (
          SELECT [c].[Id], [c].[Code], [c].[CreatedAt], [c].[CreatedBy], [c].[Description], [c].[IsActive], [c].[IsDeleted], [c].[IsSystem], [c].[NameAr], [c].[NameEn], [c].[ParentCategoryId], [c].[UpdatedAt], [c].[UpdatedBy]
          FROM [Categories] AS [c]
          WHERE [c].[IsDeleted] = CAST(0 AS bit)
      ) AS [c0] ON [i].[CategoryId] = [c0].[Id]
      INNER JOIN (
          SELECT [u].[Id], [u].[Code], [u].[CreatedAt], [u].[CreatedBy], [u].[IsActive], [u].[IsDeleted], [u].[IsSystem], [u].[NameAr], [u].[NameEn], [u].[UpdatedAt], [u].[UpdatedBy]
          FROM [Units] AS [u]
          WHERE [u].[IsDeleted] = CAST(0 AS bit)
      ) AS [u0] ON [i].[UnitId] = [u0].[Id]
      WHERE [i].[IsDeleted] = CAST(0 AS bit)
      ORDER BY [i].[Code]
info: Microsoft.EntityFrameworkCore.Database.Command[20101]
      Executed DbCommand (32ms) [Parameters=[], CommandType='Text', CommandTimeout='30']
      SELECT [s].[Id], [s].[CogsJournalEntryId], [s].[CreatedAt], [s].[CreatedBy], [s].[CustomerId], [s].[DiscountAmount], [s].[DiscountPercentage], [s].[InvoiceDate], [s].[InvoiceNumber], [s].[InvoiceType], [s].[IsDeleted], [s].[IsPos], [s].[Note], [s].[PaidAmount], [s].[SalesJournalEntryId], [s].[Status], [s].[SubTotal], [s].[TaxAmount], [s].[TaxRate], [s].[TotalAmount], [s].[UpdatedAt], [s].[UpdatedBy], [s].[WarehouseId], [c0].[Id], [c0].[Address], [c0].[Code], [c0].[CreatedAt], [c0].[CreatedBy], [c0].[CreditLimit], [c0].[CurrentBalance], [c0].[Email], [c0].[IsActive], [c0].[IsDeleted], [c0].[IsSystem], [c0].[NameAr], [c0].[NameEn], [c0].[Notes], [c0].[Phone], [c0].[TaxNumber], [c0].[UpdatedAt], [c0].[UpdatedBy], [w0].[Id], [w0].[Code], [w0].[CreatedAt], [w0].[CreatedBy], [w0].[IsActive], [w0].[IsDefault], [w0].[IsDeleted], [w0].[IsSystem], [w0].[Location], [w0].[NameAr], [w0].[NameEn], [w0].[UpdatedAt], [w0].[UpdatedBy]
      FROM [SalesInvoices] AS [s]
      INNER JOIN (
          SELECT [c].[Id], [c].[Address], [c].[Code], [c].[CreatedAt], [c].[CreatedBy], [c].[CreditLimit], [c].[CurrentBalance], [c].[Email], [c].[IsActive], [c].[IsDeleted], [c].[IsSystem], [c].[NameAr], [c].[NameEn], [c].[Notes], [c].[Phone], [c].[TaxNumber], [c].[UpdatedAt], [c].[UpdatedBy]
          FROM [Customers] AS [c]
          WHERE [c].[IsDeleted] = CAST(0 AS bit)
      ) AS [c0] ON [s].[CustomerId] = [c0].[Id]
      INNER JOIN (
          SELECT [w].[Id], [w].[Code], [w].[CreatedAt], [w].[CreatedBy], [w].[IsActive], [w].[IsDefault], [w].[IsDeleted], [w].[IsSystem], [w].[Location], [w].[NameAr], [w].[NameEn], [w].[UpdatedAt], [w].[UpdatedBy]
          FROM [Warehouses] AS [w]
          WHERE [w].[IsDeleted] = CAST(0 AS bit)
      ) AS [w0] ON [s].[WarehouseId] = [w0].[Id]
      WHERE [s].[IsDeleted] = CAST(0 AS bit)
      ORDER BY [s].[InvoiceDate] DESC, [s].[CreatedAt] DESC
info: Microsoft.EntityFrameworkCore.Database.Command[20101]
      Executed DbCommand (1ms) [Parameters=[], CommandType='Text', CommandTimeout='30']
      SELECT [p].[Id], [p].[CreatedAt], [p].[CreatedBy], [p].[InvoiceDate], [p].[InvoiceNumber], [p].[InvoiceType], [p].[IsDeleted], [p].[JournalEntryId], [p].[Note], [p].[PaidAmount], [p].[Status], [p].[SubTotal], [p].[SupplierId], [p].[TotalAmount], [p].[UpdatedAt], [p].[UpdatedBy], [p].[WarehouseId], [s0].[Id], [s0].[Address], [s0].[Code], [s0].[CreatedAt], [s0].[CreatedBy], [s0].[CreditLimit], [s0].[CurrentBalance], [s0].[Email], [s0].[IsActive], [s0].[IsDeleted], [s0].[IsSystem], [s0].[NameAr], [s0].[NameEn], [s0].[Notes], [s0].[Phone], [s0].[TaxNumber], [s0].[UpdatedAt], [s0].[UpdatedBy], [w0].[Id], [w0].[Code], [w0].[CreatedAt], [w0].[CreatedBy], [w0].[IsActive], [w0].[IsDefault], [w0].[IsDeleted], [w0].[IsSystem], [w0].[Location], [w0].[NameAr], [w0].[NameEn], [w0].[UpdatedAt], [w0].[UpdatedBy]
      FROM [PurchaseInvoices] AS [p]
      INNER JOIN (
          SELECT [s].[Id], [s].[Address], [s].[Code], [s].[CreatedAt], [s].[CreatedBy], [s].[CreditLimit], [s].[CurrentBalance], [s].[Email], [s].[IsActive], [s].[IsDeleted], [s].[IsSystem], [s].[NameAr], [s].[NameEn], [s].[Notes], [s].[Phone], [s].[TaxNumber], [s].[UpdatedAt], [s].[UpdatedBy]
          FROM [Suppliers] AS [s]
          WHERE [s].[IsDeleted] = CAST(0 AS bit)
      ) AS [s0] ON [p].[SupplierId] = [s0].[Id]
      INNER JOIN (
          SELECT [w].[Id], [w].[Code], [w].[CreatedAt], [w].[CreatedBy], [w].[IsActive], [w].[IsDefault], [w].[IsDeleted], [w].[IsSystem], [w].[Location], [w].[NameAr], [w].[NameEn], [w].[UpdatedAt], [w].[UpdatedBy]
          FROM [Warehouses] AS [w]
          WHERE [w].[IsDeleted] = CAST(0 AS bit)
      ) AS [w0] ON [p].[WarehouseId] = [w0].[Id]
      WHERE [p].[IsDeleted] = CAST(0 AS bit)
      ORDER BY [p].[InvoiceDate] DESC, [p].[CreatedAt] DESC
info: Microsoft.EntityFrameworkCore.Database.Command[20101]
      Executed DbCommand (1ms) [Parameters=[], CommandType='Text', CommandTimeout='30']
      SELECT [s].[Id], [s].[CreatedAt], [s].[CreatedBy], [s].[IsDeleted], [s].[ItemId], [s].[MovementDate], [s].[MovementType], [s].[Note], [s].[Quantity], [s].[ReferenceNumber], [s].[UnitCost], [s].[UpdatedAt], [s].[UpdatedBy], [s].[WarehouseId], [i0].[Id], [i0].[Barcode], [i0].[CategoryId], [i0].[Code], [i0].[CostPrice], [i0].[CreatedAt], [i0].[CreatedBy], [i0].[CurrentStock], [i0].[Description], [i0].[IsActive], [i0].[IsDeleted], [i0].[IsSystem], [i0].[MaxStockLevel], [i0].[MinStockLevel], [i0].[NameAr], [i0].[NameEn], [i0].[SalePrice], [i0].[UnitId], [i0].[UpdatedAt], [i0].[UpdatedBy], [w0].[Id], [w0].[Code], [w0].[CreatedAt], [w0].[CreatedBy], [w0].[IsActive], [w0].[IsDefault], [w0].[IsDeleted], [w0].[IsSystem], [w0].[Location], [w0].[NameAr], [w0].[NameEn], [w0].[UpdatedAt], [w0].[UpdatedBy]
      FROM [StockMovements] AS [s]
      INNER JOIN (
          SELECT [i].[Id], [i].[Barcode], [i].[CategoryId], [i].[Code], [i].[CostPrice], [i].[CreatedAt], [i].[CreatedBy], [i].[CurrentStock], [i].[Description], [i].[IsActive], [i].[IsDeleted], [i].[IsSystem], [i].[MaxStockLevel], [i].[MinStockLevel], [i].[NameAr], [i].[NameEn], [i].[SalePrice], [i].[UnitId], [i].[UpdatedAt], [i].[UpdatedBy]
          FROM [Items] AS [i]
          WHERE [i].[IsDeleted] = CAST(0 AS bit)
      ) AS [i0] ON [s].[ItemId] = [i0].[Id]
      INNER JOIN (
          SELECT [w].[Id], [w].[Code], [w].[CreatedAt], [w].[CreatedBy], [w].[IsActive], [w].[IsDefault], [w].[IsDeleted], [w].[IsSystem], [w].[Location], [w].[NameAr], [w].[NameEn], [w].[UpdatedAt], [w].[UpdatedBy]
          FROM [Warehouses] AS [w]
          WHERE [w].[IsDeleted] = CAST(0 AS bit)
      ) AS [w0] ON [s].[WarehouseId] = [w0].[Id]
      WHERE [s].[IsDeleted] = CAST(0 AS bit)
      ORDER BY [s].[MovementDate] DESC, [s].[CreatedAt] DESC
info: Microsoft.EntityFrameworkCore.Database.Command[20101]
      Executed DbCommand (67ms) [Parameters=[], CommandType='Text', CommandTimeout='30']
      SELECT [s].[Id], [s].[ConvertedInvoiceId], [s].[CreatedAt], [s].[CreatedBy], [s].[CustomerId], [s].[DiscountAmount], [s].[DiscountPercentage], [s].[ExpiryDate], [s].[IsDeleted], [s].[Note], [s].[QuoteDate], [s].[QuoteNumber], [s].[Status], [s].[SubTotal], [s].[TaxAmount], [s].[TaxRate], [s].[TotalAmount], [s].[UpdatedAt], [s].[UpdatedBy], [c0].[Id], [c0].[Address], [c0].[Code], [c0].[CreatedAt], [c0].[CreatedBy], [c0].[CreditLimit], [c0].[CurrentBalance], [c0].[Email], [c0].[IsActive], [c0].[IsDeleted], [c0].[IsSystem], [c0].[NameAr], [c0].[NameEn], [c0].[Notes], [c0].[Phone], [c0].[TaxNumber], [c0].[UpdatedAt], [c0].[UpdatedBy], [s1].[Id], [s1].[CreatedAt], [s1].[CreatedBy], [s1].[IsDeleted], [s1].[ItemId], [s1].[LineTotal], [s1].[Quantity], [s1].[SalesQuoteId], [s1].[UnitPrice], [s1].[UpdatedAt], [s1].[UpdatedBy], [s1].[Id0], [s1].[Barcode], [s1].[CategoryId], [s1].[Code], [s1].[CostPrice], [s1].[CreatedAt0], [s1].[CreatedBy0], [s1].[CurrentStock], [s1].[Description], [s1].[IsActive], [s1].[IsDeleted0], [s1].[IsSystem], [s1].[MaxStockLevel], [s1].[MinStockLevel], [s1].[NameAr], [s1].[NameEn], [s1].[SalePrice], [s1].[UnitId], [s1].[UpdatedAt0], [s1].[UpdatedBy0]
      FROM [SalesQuotes] AS [s]
      INNER JOIN (
          SELECT [c].[Id], [c].[Address], [c].[Code], [c].[CreatedAt], [c].[CreatedBy], [c].[CreditLimit], [c].[CurrentBalance], [c].[Email], [c].[IsActive], [c].[IsDeleted], [c].[IsSystem], [c].[NameAr], [c].[NameEn], [c].[Notes], [c].[Phone], [c].[TaxNumber], [c].[UpdatedAt], [c].[UpdatedBy]
          FROM [Customers] AS [c]
          WHERE [c].[IsDeleted] = CAST(0 AS bit)
      ) AS [c0] ON [s].[CustomerId] = [c0].[Id]
      LEFT JOIN (
          SELECT [s0].[Id], [s0].[CreatedAt], [s0].[CreatedBy], [s0].[IsDeleted], [s0].[ItemId], [s0].[LineTotal], [s0].[Quantity], [s0].[SalesQuoteId], [s0].[UnitPrice], [s0].[UpdatedAt], [s0].[UpdatedBy], [i0].[Id] AS [Id0], [i0].[Barcode], [i0].[CategoryId], [i0].[Code], [i0].[CostPrice], [i0].[CreatedAt] AS [CreatedAt0], [i0].[CreatedBy] AS [CreatedBy0], [i0].[CurrentStock], [i0].[Description], [i0].[IsActive], [i0].[IsDeleted] AS [IsDeleted0], [i0].[IsSystem], [i0].[MaxStockLevel], [i0].[MinStockLevel], [i0].[NameAr], [i0].[NameEn], [i0].[SalePrice], [i0].[UnitId], [i0].[UpdatedAt] AS [UpdatedAt0], [i0].[UpdatedBy] AS [UpdatedBy0]
          FROM [SalesQuoteLines] AS [s0]
          INNER JOIN (
              SELECT [i].[Id], [i].[Barcode], [i].[CategoryId], [i].[Code], [i].[CostPrice], [i].[CreatedAt], [i].[CreatedBy], [i].[CurrentStock], [i].[Description], [i].[IsActive], [i].[IsDeleted], [i].[IsSystem], [i].[MaxStockLevel], [i].[MinStockLevel], [i].[NameAr], [i].[NameEn], [i].[SalePrice], [i].[UnitId], [i].[UpdatedAt], [i].[UpdatedBy]
              FROM [Items] AS [i]
              WHERE [i].[IsDeleted] = CAST(0 AS bit)
          ) AS [i0] ON [s0].[ItemId] = [i0].[Id]
      ) AS [s1] ON [s].[Id] = [s1].[SalesQuoteId]
      ORDER BY [s].[QuoteDate] DESC, [s].[CreatedAt] DESC, [s].[Id], [c0].[Id], [s1].[Id]
info: Microsoft.EntityFrameworkCore.Database.Command[20101]
      Executed DbCommand (2ms) [Parameters=[], CommandType='Text', CommandTimeout='30']
      SELECT [s].[Id], [s].[ConvertedInvoiceId], [s].[CreatedAt], [s].[CreatedBy], [s].[CustomerId], [s].[DiscountAmount], [s].[DiscountPercentage], [s].[ExpiryDate], [s].[IsDeleted], [s].[Note], [s].[QuoteDate], [s].[QuoteNumber], [s].[Status], [s].[SubTotal], [s].[TaxAmount], [s].[TaxRate], [s].[TotalAmount], [s].[UpdatedAt], [s].[UpdatedBy], [c0].[Id], [c0].[Address], [c0].[Code], [c0].[CreatedAt], [c0].[CreatedBy], [c0].[CreditLimit], [c0].[CurrentBalance], [c0].[Email], [c0].[IsActive], [c0].[IsDeleted], [c0].[IsSystem], [c0].[NameAr], [c0].[NameEn], [c0].[Notes], [c0].[Phone], [c0].[TaxNumber], [c0].[UpdatedAt], [c0].[UpdatedBy], [s1].[Id], [s1].[CreatedAt], [s1].[CreatedBy], [s1].[IsDeleted], [s1].[ItemId], [s1].[LineTotal], [s1].[Quantity], [s1].[SalesQuoteId], [s1].[UnitPrice], [s1].[UpdatedAt], [s1].[UpdatedBy], [s1].[Id0], [s1].[Barcode], [s1].[CategoryId], [s1].[Code], [s1].[CostPrice], [s1].[CreatedAt0], [s1].[CreatedBy0], [s1].[CurrentStock], [s1].[Description], [s1].[IsActive], [s1].[IsDeleted0], [s1].[IsSystem], [s1].[MaxStockLevel], [s1].[MinStockLevel], [s1].[NameAr], [s1].[NameEn], [s1].[SalePrice], [s1].[UnitId], [s1].[UpdatedAt0], [s1].[UpdatedBy0]
      FROM [SalesQuotes] AS [s]
      INNER JOIN (
          SELECT [c].[Id], [c].[Address], [c].[Code], [c].[CreatedAt], [c].[CreatedBy], [c].[CreditLimit], [c].[CurrentBalance], [c].[Email], [c].[IsActive], [c].[IsDeleted], [c].[IsSystem], [c].[NameAr], [c].[NameEn], [c].[Notes], [c].[Phone], [c].[TaxNumber], [c].[UpdatedAt], [c].[UpdatedBy]
          FROM [Customers] AS [c]
          WHERE [c].[IsDeleted] = CAST(0 AS bit)
      ) AS [c0] ON [s].[CustomerId] = [c0].[Id]
      LEFT JOIN (
          SELECT [s0].[Id], [s0].[CreatedAt], [s0].[CreatedBy], [s0].[IsDeleted], [s0].[ItemId], [s0].[LineTotal], [s0].[Quantity], [s0].[SalesQuoteId], [s0].[UnitPrice], [s0].[UpdatedAt], [s0].[UpdatedBy], [i0].[Id] AS [Id0], [i0].[Barcode], [i0].[CategoryId], [i0].[Code], [i0].[CostPrice], [i0].[CreatedAt] AS [CreatedAt0], [i0].[CreatedBy] AS [CreatedBy0], [i0].[CurrentStock], [i0].[Description], [i0].[IsActive], [i0].[IsDeleted] AS [IsDeleted0], [i0].[IsSystem], [i0].[MaxStockLevel], [i0].[MinStockLevel], [i0].[NameAr], [i0].[NameEn], [i0].[SalePrice], [i0].[UnitId], [i0].[UpdatedAt] AS [UpdatedAt0], [i0].[UpdatedBy] AS [UpdatedBy0]
          FROM [SalesQuoteLines] AS [s0]
          INNER JOIN (
              SELECT [i].[Id], [i].[Barcode], [i].[CategoryId], [i].[Code], [i].[CostPrice], [i].[CreatedAt], [i].[CreatedBy], [i].[CurrentStock], [i].[Description], [i].[IsActive], [i].[IsDeleted], [i].[IsSystem], [i].[MaxStockLevel], [i].[MinStockLevel], [i].[NameAr], [i].[NameEn], [i].[SalePrice], [i].[UnitId], [i].[UpdatedAt], [i].[UpdatedBy]
              FROM [Items] AS [i]
              WHERE [i].[IsDeleted] = CAST(0 AS bit)
          ) AS [i0] ON [s0].[ItemId] = [i0].[Id]
      ) AS [s1] ON [s].[Id] = [s1].[SalesQuoteId]
      ORDER BY [s].[QuoteDate] DESC, [s].[CreatedAt] DESC, [s].[Id], [c0].[Id], [s1].[Id]
info: Microsoft.EntityFrameworkCore.Database.Command[20101]
      Executed DbCommand (20ms) [Parameters=[], CommandType='Text', CommandTimeout='30']
      SELECT [a].[Id], [a].[AccountType], [a].[Code], [a].[CreatedAt], [a].[CreatedBy], [a].[CurrentBalance], [a].[Description], [a].[HierarchyPath], [a].[IsActive], [a].[IsDeleted], [a].[IsSystem], [a].[Level], [a].[NameAr], [a].[NameEn], [a].[NormalBalance], [a].[ParentAccountId], [a].[UpdatedAt], [a].[UpdatedBy]
      FROM [Accounts] AS [a]
      WHERE [a].[IsDeleted] = CAST(0 AS bit)
      ORDER BY [a].[Code]
info: Microsoft.EntityFrameworkCore.Database.Command[20101]
      Executed DbCommand (1ms) [Parameters=[], CommandType='Text', CommandTimeout='30']
      SELECT [a].[Id], [a].[AccountType], [a].[Code], [a].[CreatedAt], [a].[CreatedBy], [a].[CurrentBalance], [a].[Description], [a].[HierarchyPath], [a].[IsActive], [a].[IsDeleted], [a].[IsSystem], [a].[Level], [a].[NameAr], [a].[NameEn], [a].[NormalBalance], [a].[ParentAccountId], [a].[UpdatedAt], [a].[UpdatedBy]
      FROM [Accounts] AS [a]
      WHERE [a].[IsDeleted] = CAST(0 AS bit)
      ORDER BY [a].[Code]
info: Microsoft.EntityFrameworkCore.Database.Command[20101]
      Executed DbCommand (1ms) [Parameters=[], CommandType='Text', CommandTimeout='30']
      SELECT [a].[Id], [a].[AccountType], [a].[Code], [a].[CreatedAt], [a].[CreatedBy], [a].[CurrentBalance], [a].[Description], [a].[HierarchyPath], [a].[IsActive], [a].[IsDeleted], [a].[IsSystem], [a].[Level], [a].[NameAr], [a].[NameEn], [a].[NormalBalance], [a].[ParentAccountId], [a].[UpdatedAt], [a].[UpdatedBy]
      FROM [Accounts] AS [a]
      WHERE [a].[IsDeleted] = CAST(0 AS bit)
      ORDER BY [a].[Code]
info: Microsoft.EntityFrameworkCore.Database.Command[20101]
      Executed DbCommand (2ms) [Parameters=[], CommandType='Text', CommandTimeout='30']
      SELECT [a].[Id], [a].[AccountType], [a].[Code], [a].[CreatedAt], [a].[CreatedBy], [a].[CurrentBalance], [a].[Description], [a].[HierarchyPath], [a].[IsActive], [a].[IsDeleted], [a].[IsSystem], [a].[Level], [a].[NameAr], [a].[NameEn], [a].[NormalBalance], [a].[ParentAccountId], [a].[UpdatedAt], [a].[UpdatedBy]
      FROM [Accounts] AS [a]
      WHERE [a].[IsDeleted] = CAST(0 AS bit)
      ORDER BY [a].[Code]
info: Microsoft.EntityFrameworkCore.Database.Command[20101]
      Executed DbCommand (27ms) [Parameters=[], CommandType='Text', CommandTimeout='30']
      SELECT [c].[Id], [c].[Address], [c].[Code], [c].[CreatedAt], [c].[CreatedBy], [c].[CreditLimit], [c].[CurrentBalance], [c].[Email], [c].[IsActive], [c].[IsDeleted], [c].[IsSystem], [c].[NameAr], [c].[NameEn], [c].[Notes], [c].[Phone], [c].[TaxNumber], [c].[UpdatedAt], [c].[UpdatedBy]
      FROM [Customers] AS [c]
      WHERE [c].[IsDeleted] = CAST(0 AS bit)
      ORDER BY [c].[Code]
info: Microsoft.EntityFrameworkCore.Database.Command[20101]
      Executed DbCommand (3ms) [Parameters=[], CommandType='Text', CommandTimeout='30']
      SELECT [c].[Id], [c].[Address], [c].[Code], [c].[CreatedAt], [c].[CreatedBy], [c].[CreditLimit], [c].[CurrentBalance], [c].[Email], [c].[IsActive], [c].[IsDeleted], [c].[IsSystem], [c].[NameAr], [c].[NameEn], [c].[Notes], [c].[Phone], [c].[TaxNumber], [c].[UpdatedAt], [c].[UpdatedBy]
      FROM [Customers] AS [c]
      WHERE [c].[IsDeleted] = CAST(0 AS bit)
      ORDER BY [c].[Code]
info: Microsoft.EntityFrameworkCore.Database.Command[20101]
      Executed DbCommand (35ms) [Parameters=[], CommandType='Text', CommandTimeout='30']
      SELECT [i].[Id], [i].[Barcode], [i].[CategoryId], [i].[Code], [i].[CostPrice], [i].[CreatedAt], [i].[CreatedBy], [i].[CurrentStock], [i].[Description], [i].[IsActive], [i].[IsDeleted], [i].[IsSystem], [i].[MaxStockLevel], [i].[MinStockLevel], [i].[NameAr], [i].[NameEn], [i].[SalePrice], [i].[UnitId], [i].[UpdatedAt], [i].[UpdatedBy], [c0].[Id], [c0].[Code], [c0].[CreatedAt], [c0].[CreatedBy], [c0].[Description], [c0].[IsActive], [c0].[IsDeleted], [c0].[IsSystem], [c0].[NameAr], [c0].[NameEn], [c0].[ParentCategoryId], [c0].[UpdatedAt], [c0].[UpdatedBy], [u0].[Id], [u0].[Code], [u0].[CreatedAt], [u0].[CreatedBy], [u0].[IsActive], [u0].[IsDeleted], [u0].[IsSystem], [u0].[NameAr], [u0].[NameEn], [u0].[UpdatedAt], [u0].[UpdatedBy]
      FROM [Items] AS [i]
      INNER JOIN (
          SELECT [c].[Id], [c].[Code], [c].[CreatedAt], [c].[CreatedBy], [c].[Description], [c].[IsActive], [c].[IsDeleted], [c].[IsSystem], [c].[NameAr], [c].[NameEn], [c].[ParentCategoryId], [c].[UpdatedAt], [c].[UpdatedBy]
          FROM [Categories] AS [c]
          WHERE [c].[IsDeleted] = CAST(0 AS bit)
      ) AS [c0] ON [i].[CategoryId] = [c0].[Id]
      INNER JOIN (
          SELECT [u].[Id], [u].[Code], [u].[CreatedAt], [u].[CreatedBy], [u].[IsActive], [u].[IsDeleted], [u].[IsSystem], [u].[NameAr], [u].[NameEn], [u].[UpdatedAt], [u].[UpdatedBy]
          FROM [Units] AS [u]
          WHERE [u].[IsDeleted] = CAST(0 AS bit)
      ) AS [u0] ON [i].[UnitId] = [u0].[Id]
      WHERE [i].[IsDeleted] = CAST(0 AS bit)
      ORDER BY [i].[Code]
info: Microsoft.EntityFrameworkCore.Database.Command[20101]
      Executed DbCommand (20ms) [Parameters=[], CommandType='Text', CommandTimeout='30']
      SELECT [s].[Id], [s].[CogsJournalEntryId], [s].[CreatedAt], [s].[CreatedBy], [s].[CustomerId], [s].[DiscountAmount], [s].[DiscountPercentage], [s].[InvoiceDate], [s].[InvoiceNumber], [s].[InvoiceType], [s].[IsDeleted], [s].[IsPos], [s].[Note], [s].[PaidAmount], [s].[SalesJournalEntryId], [s].[Status], [s].[SubTotal], [s].[TaxAmount], [s].[TaxRate], [s].[TotalAmount], [s].[UpdatedAt], [s].[UpdatedBy], [s].[WarehouseId], [c0].[Id], [c0].[Address], [c0].[Code], [c0].[CreatedAt], [c0].[CreatedBy], [c0].[CreditLimit], [c0].[CurrentBalance], [c0].[Email], [c0].[IsActive], [c0].[IsDeleted], [c0].[IsSystem], [c0].[NameAr], [c0].[NameEn], [c0].[Notes], [c0].[Phone], [c0].[TaxNumber], [c0].[UpdatedAt], [c0].[UpdatedBy], [w0].[Id], [w0].[Code], [w0].[CreatedAt], [w0].[CreatedBy], [w0].[IsActive], [w0].[IsDefault], [w0].[IsDeleted], [w0].[IsSystem], [w0].[Location], [w0].[NameAr], [w0].[NameEn], [w0].[UpdatedAt], [w0].[UpdatedBy]
      FROM [SalesInvoices] AS [s]
      INNER JOIN (
          SELECT [c].[Id], [c].[Address], [c].[Code], [c].[CreatedAt], [c].[CreatedBy], [c].[CreditLimit], [c].[CurrentBalance], [c].[Email], [c].[IsActive], [c].[IsDeleted], [c].[IsSystem], [c].[NameAr], [c].[NameEn], [c].[Notes], [c].[Phone], [c].[TaxNumber], [c].[UpdatedAt], [c].[UpdatedBy]
          FROM [Customers] AS [c]
          WHERE [c].[IsDeleted] = CAST(0 AS bit)
      ) AS [c0] ON [s].[CustomerId] = [c0].[Id]
      INNER JOIN (
          SELECT [w].[Id], [w].[Code], [w].[CreatedAt], [w].[CreatedBy], [w].[IsActive], [w].[IsDefault], [w].[IsDeleted], [w].[IsSystem], [w].[Location], [w].[NameAr], [w].[NameEn], [w].[UpdatedAt], [w].[UpdatedBy]
          FROM [Warehouses] AS [w]
          WHERE [w].[IsDeleted] = CAST(0 AS bit)
      ) AS [w0] ON [s].[WarehouseId] = [w0].[Id]
      WHERE [s].[IsDeleted] = CAST(0 AS bit)
      ORDER BY [s].[InvoiceDate] DESC, [s].[CreatedAt] DESC
info: Microsoft.EntityFrameworkCore.Database.Command[20101]
      Executed DbCommand (18ms) [Parameters=[], CommandType='Text', CommandTimeout='30']
      SELECT [p].[Id], [p].[CreatedAt], [p].[CreatedBy], [p].[InvoiceDate], [p].[InvoiceNumber], [p].[InvoiceType], [p].[IsDeleted], [p].[JournalEntryId], [p].[Note], [p].[PaidAmount], [p].[Status], [p].[SubTotal], [p].[SupplierId], [p].[TotalAmount], [p].[UpdatedAt], [p].[UpdatedBy], [p].[WarehouseId], [s0].[Id], [s0].[Address], [s0].[Code], [s0].[CreatedAt], [s0].[CreatedBy], [s0].[CreditLimit], [s0].[CurrentBalance], [s0].[Email], [s0].[IsActive], [s0].[IsDeleted], [s0].[IsSystem], [s0].[NameAr], [s0].[NameEn], [s0].[Notes], [s0].[Phone], [s0].[TaxNumber], [s0].[UpdatedAt], [s0].[UpdatedBy], [w0].[Id], [w0].[Code], [w0].[CreatedAt], [w0].[CreatedBy], [w0].[IsActive], [w0].[IsDefault], [w0].[IsDeleted], [w0].[IsSystem], [w0].[Location], [w0].[NameAr], [w0].[NameEn], [w0].[UpdatedAt], [w0].[UpdatedBy]
      FROM [PurchaseInvoices] AS [p]
      INNER JOIN (
          SELECT [s].[Id], [s].[Address], [s].[Code], [s].[CreatedAt], [s].[CreatedBy], [s].[CreditLimit], [s].[CurrentBalance], [s].[Email], [s].[IsActive], [s].[IsDeleted], [s].[IsSystem], [s].[NameAr], [s].[NameEn], [s].[Notes], [s].[Phone], [s].[TaxNumber], [s].[UpdatedAt], [s].[UpdatedBy]
          FROM [Suppliers] AS [s]
          WHERE [s].[IsDeleted] = CAST(0 AS bit)
      ) AS [s0] ON [p].[SupplierId] = [s0].[Id]
      INNER JOIN (
          SELECT [w].[Id], [w].[Code], [w].[CreatedAt], [w].[CreatedBy], [w].[IsActive], [w].[IsDefault], [w].[IsDeleted], [w].[IsSystem], [w].[Location], [w].[NameAr], [w].[NameEn], [w].[UpdatedAt], [w].[UpdatedBy]
          FROM [Warehouses] AS [w]
          WHERE [w].[IsDeleted] = CAST(0 AS bit)
      ) AS [w0] ON [p].[WarehouseId] = [w0].[Id]
      WHERE [p].[IsDeleted] = CAST(0 AS bit)
      ORDER BY [p].[InvoiceDate] DESC, [p].[CreatedAt] DESC
info: Microsoft.EntityFrameworkCore.Database.Command[20101]
      Executed DbCommand (16ms) [Parameters=[], CommandType='Text', CommandTimeout='30']
      SELECT [s].[Id], [s].[CreatedAt], [s].[CreatedBy], [s].[IsDeleted], [s].[ItemId], [s].[MovementDate], [s].[MovementType], [s].[Note], [s].[Quantity], [s].[ReferenceNumber], [s].[UnitCost], [s].[UpdatedAt], [s].[UpdatedBy], [s].[WarehouseId], [i0].[Id], [i0].[Barcode], [i0].[CategoryId], [i0].[Code], [i0].[CostPrice], [i0].[CreatedAt], [i0].[CreatedBy], [i0].[CurrentStock], [i0].[Description], [i0].[IsActive], [i0].[IsDeleted], [i0].[IsSystem], [i0].[MaxStockLevel], [i0].[MinStockLevel], [i0].[NameAr], [i0].[NameEn], [i0].[SalePrice], [i0].[UnitId], [i0].[UpdatedAt], [i0].[UpdatedBy], [w0].[Id], [w0].[Code], [w0].[CreatedAt], [w0].[CreatedBy], [w0].[IsActive], [w0].[IsDefault], [w0].[IsDeleted], [w0].[IsSystem], [w0].[Location], [w0].[NameAr], [w0].[NameEn], [w0].[UpdatedAt], [w0].[UpdatedBy]
      FROM [StockMovements] AS [s]
      INNER JOIN (
          SELECT [i].[Id], [i].[Barcode], [i].[CategoryId], [i].[Code], [i].[CostPrice], [i].[CreatedAt], [i].[CreatedBy], [i].[CurrentStock], [i].[Description], [i].[IsActive], [i].[IsDeleted], [i].[IsSystem], [i].[MaxStockLevel], [i].[MinStockLevel], [i].[NameAr], [i].[NameEn], [i].[SalePrice], [i].[UnitId], [i].[UpdatedAt], [i].[UpdatedBy]
          FROM [Items] AS [i]
          WHERE [i].[IsDeleted] = CAST(0 AS bit)
      ) AS [i0] ON [s].[ItemId] = [i0].[Id]
      INNER JOIN (
          SELECT [w].[Id], [w].[Code], [w].[CreatedAt], [w].[CreatedBy], [w].[IsActive], [w].[IsDefault], [w].[IsDeleted], [w].[IsSystem], [w].[Location], [w].[NameAr], [w].[NameEn], [w].[UpdatedAt], [w].[UpdatedBy]
          FROM [Warehouses] AS [w]
          WHERE [w].[IsDeleted] = CAST(0 AS bit)
      ) AS [w0] ON [s].[WarehouseId] = [w0].[Id]
      WHERE [s].[IsDeleted] = CAST(0 AS bit)
      ORDER BY [s].[MovementDate] DESC, [s].[CreatedAt] DESC
info: Microsoft.EntityFrameworkCore.Database.Command[20101]
      Executed DbCommand (6ms) [Parameters=[], CommandType='Text', CommandTimeout='30']
      SELECT [i].[Id], [i].[Barcode], [i].[CategoryId], [i].[Code], [i].[CostPrice], [i].[CreatedAt], [i].[CreatedBy], [i].[CurrentStock], [i].[Description], [i].[IsActive], [i].[IsDeleted], [i].[IsSystem], [i].[MaxStockLevel], [i].[MinStockLevel], [i].[NameAr], [i].[NameEn], [i].[SalePrice], [i].[UnitId], [i].[UpdatedAt], [i].[UpdatedBy], [c0].[Id], [c0].[Code], [c0].[CreatedAt], [c0].[CreatedBy], [c0].[Description], [c0].[IsActive], [c0].[IsDeleted], [c0].[IsSystem], [c0].[NameAr], [c0].[NameEn], [c0].[ParentCategoryId], [c0].[UpdatedAt], [c0].[UpdatedBy], [u0].[Id], [u0].[Code], [u0].[CreatedAt], [u0].[CreatedBy], [u0].[IsActive], [u0].[IsDeleted], [u0].[IsSystem], [u0].[NameAr], [u0].[NameEn], [u0].[UpdatedAt], [u0].[UpdatedBy]
      FROM [Items] AS [i]
      INNER JOIN (
          SELECT [c].[Id], [c].[Code], [c].[CreatedAt], [c].[CreatedBy], [c].[Description], [c].[IsActive], [c].[IsDeleted], [c].[IsSystem], [c].[NameAr], [c].[NameEn], [c].[ParentCategoryId], [c].[UpdatedAt], [c].[UpdatedBy]
          FROM [Categories] AS [c]
          WHERE [c].[IsDeleted] = CAST(0 AS bit)
      ) AS [c0] ON [i].[CategoryId] = [c0].[Id]
      INNER JOIN (
          SELECT [u].[Id], [u].[Code], [u].[CreatedAt], [u].[CreatedBy], [u].[IsActive], [u].[IsDeleted], [u].[IsSystem], [u].[NameAr], [u].[NameEn], [u].[UpdatedAt], [u].[UpdatedBy]
          FROM [Units] AS [u]
          WHERE [u].[IsDeleted] = CAST(0 AS bit)
      ) AS [u0] ON [i].[UnitId] = [u0].[Id]
      WHERE [i].[IsDeleted] = CAST(0 AS bit)
      ORDER BY [i].[Code]
info: Microsoft.EntityFrameworkCore.Database.Command[20101]
      Executed DbCommand (3ms) [Parameters=[], CommandType='Text', CommandTimeout='30']
      SELECT [s].[Id], [s].[CogsJournalEntryId], [s].[CreatedAt], [s].[CreatedBy], [s].[CustomerId], [s].[DiscountAmount], [s].[DiscountPercentage], [s].[InvoiceDate], [s].[InvoiceNumber], [s].[InvoiceType], [s].[IsDeleted], [s].[IsPos], [s].[Note], [s].[PaidAmount], [s].[SalesJournalEntryId], [s].[Status], [s].[SubTotal], [s].[TaxAmount], [s].[TaxRate], [s].[TotalAmount], [s].[UpdatedAt], [s].[UpdatedBy], [s].[WarehouseId], [c0].[Id], [c0].[Address], [c0].[Code], [c0].[CreatedAt], [c0].[CreatedBy], [c0].[CreditLimit], [c0].[CurrentBalance], [c0].[Email], [c0].[IsActive], [c0].[IsDeleted], [c0].[IsSystem], [c0].[NameAr], [c0].[NameEn], [c0].[Notes], [c0].[Phone], [c0].[TaxNumber], [c0].[UpdatedAt], [c0].[UpdatedBy], [w0].[Id], [w0].[Code], [w0].[CreatedAt], [w0].[CreatedBy], [w0].[IsActive], [w0].[IsDefault], [w0].[IsDeleted], [w0].[IsSystem], [w0].[Location], [w0].[NameAr], [w0].[NameEn], [w0].[UpdatedAt], [w0].[UpdatedBy]
      FROM [SalesInvoices] AS [s]
      INNER JOIN (
          SELECT [c].[Id], [c].[Address], [c].[Code], [c].[CreatedAt], [c].[CreatedBy], [c].[CreditLimit], [c].[CurrentBalance], [c].[Email], [c].[IsActive], [c].[IsDeleted], [c].[IsSystem], [c].[NameAr], [c].[NameEn], [c].[Notes], [c].[Phone], [c].[TaxNumber], [c].[UpdatedAt], [c].[UpdatedBy]
          FROM [Customers] AS [c]
          WHERE [c].[IsDeleted] = CAST(0 AS bit)
      ) AS [c0] ON [s].[CustomerId] = [c0].[Id]
      INNER JOIN (
          SELECT [w].[Id], [w].[Code], [w].[CreatedAt], [w].[CreatedBy], [w].[IsActive], [w].[IsDefault], [w].[IsDeleted], [w].[IsSystem], [w].[Location], [w].[NameAr], [w].[NameEn], [w].[UpdatedAt], [w].[UpdatedBy]
          FROM [Warehouses] AS [w]
          WHERE [w].[IsDeleted] = CAST(0 AS bit)
      ) AS [w0] ON [s].[WarehouseId] = [w0].[Id]
      WHERE [s].[IsDeleted] = CAST(0 AS bit)
      ORDER BY [s].[InvoiceDate] DESC, [s].[CreatedAt] DESC
info: Microsoft.EntityFrameworkCore.Database.Command[20101]
      Executed DbCommand (1ms) [Parameters=[], CommandType='Text', CommandTimeout='30']
      SELECT [p].[Id], [p].[CreatedAt], [p].[CreatedBy], [p].[InvoiceDate], [p].[InvoiceNumber], [p].[InvoiceType], [p].[IsDeleted], [p].[JournalEntryId], [p].[Note], [p].[PaidAmount], [p].[Status], [p].[SubTotal], [p].[SupplierId], [p].[TotalAmount], [p].[UpdatedAt], [p].[UpdatedBy], [p].[WarehouseId], [s0].[Id], [s0].[Address], [s0].[Code], [s0].[CreatedAt], [s0].[CreatedBy], [s0].[CreditLimit], [s0].[CurrentBalance], [s0].[Email], [s0].[IsActive], [s0].[IsDeleted], [s0].[IsSystem], [s0].[NameAr], [s0].[NameEn], [s0].[Notes], [s0].[Phone], [s0].[TaxNumber], [s0].[UpdatedAt], [s0].[UpdatedBy], [w0].[Id], [w0].[Code], [w0].[CreatedAt], [w0].[CreatedBy], [w0].[IsActive], [w0].[IsDefault], [w0].[IsDeleted], [w0].[IsSystem], [w0].[Location], [w0].[NameAr], [w0].[NameEn], [w0].[UpdatedAt], [w0].[UpdatedBy]
      FROM [PurchaseInvoices] AS [p]
      INNER JOIN (
          SELECT [s].[Id], [s].[Address], [s].[Code], [s].[CreatedAt], [s].[CreatedBy], [s].[CreditLimit], [s].[CurrentBalance], [s].[Email], [s].[IsActive], [s].[IsDeleted], [s].[IsSystem], [s].[NameAr], [s].[NameEn], [s].[Notes], [s].[Phone], [s].[TaxNumber], [s].[UpdatedAt], [s].[UpdatedBy]
          FROM [Suppliers] AS [s]
          WHERE [s].[IsDeleted] = CAST(0 AS bit)
      ) AS [s0] ON [p].[SupplierId] = [s0].[Id]
      INNER JOIN (
          SELECT [w].[Id], [w].[Code], [w].[CreatedAt], [w].[CreatedBy], [w].[IsActive], [w].[IsDefault], [w].[IsDeleted], [w].[IsSystem], [w].[Location], [w].[NameAr], [w].[NameEn], [w].[UpdatedAt], [w].[UpdatedBy]
          FROM [Warehouses] AS [w]
          WHERE [w].[IsDeleted] = CAST(0 AS bit)
      ) AS [w0] ON [p].[WarehouseId] = [w0].[Id]
      WHERE [p].[IsDeleted] = CAST(0 AS bit)
      ORDER BY [p].[InvoiceDate] DESC, [p].[CreatedAt] DESC
info: Microsoft.EntityFrameworkCore.Database.Command[20101]
      Executed DbCommand (6ms) [Parameters=[], CommandType='Text', CommandTimeout='30']
      SELECT [s].[Id], [s].[CreatedAt], [s].[CreatedBy], [s].[IsDeleted], [s].[ItemId], [s].[MovementDate], [s].[MovementType], [s].[Note], [s].[Quantity], [s].[ReferenceNumber], [s].[UnitCost], [s].[UpdatedAt], [s].[UpdatedBy], [s].[WarehouseId], [i0].[Id], [i0].[Barcode], [i0].[CategoryId], [i0].[Code], [i0].[CostPrice], [i0].[CreatedAt], [i0].[CreatedBy], [i0].[CurrentStock], [i0].[Description], [i0].[IsActive], [i0].[IsDeleted], [i0].[IsSystem], [i0].[MaxStockLevel], [i0].[MinStockLevel], [i0].[NameAr], [i0].[NameEn], [i0].[SalePrice], [i0].[UnitId], [i0].[UpdatedAt], [i0].[UpdatedBy], [w0].[Id], [w0].[Code], [w0].[CreatedAt], [w0].[CreatedBy], [w0].[IsActive], [w0].[IsDefault], [w0].[IsDeleted], [w0].[IsSystem], [w0].[Location], [w0].[NameAr], [w0].[NameEn], [w0].[UpdatedAt], [w0].[UpdatedBy]
      FROM [StockMovements] AS [s]
      INNER JOIN (
          SELECT [i].[Id], [i].[Barcode], [i].[CategoryId], [i].[Code], [i].[CostPrice], [i].[CreatedAt], [i].[CreatedBy], [i].[CurrentStock], [i].[Description], [i].[IsActive], [i].[IsDeleted], [i].[IsSystem], [i].[MaxStockLevel], [i].[MinStockLevel], [i].[NameAr], [i].[NameEn], [i].[SalePrice], [i].[UnitId], [i].[UpdatedAt], [i].[UpdatedBy]
          FROM [Items] AS [i]
          WHERE [i].[IsDeleted] = CAST(0 AS bit)
      ) AS [i0] ON [s].[ItemId] = [i0].[Id]
      INNER JOIN (
          SELECT [w].[Id], [w].[Code], [w].[CreatedAt], [w].[CreatedBy], [w].[IsActive], [w].[IsDefault], [w].[IsDeleted], [w].[IsSystem], [w].[Location], [w].[NameAr], [w].[NameEn], [w].[UpdatedAt], [w].[UpdatedBy]
          FROM [Warehouses] AS [w]
          WHERE [w].[IsDeleted] = CAST(0 AS bit)
      ) AS [w0] ON [s].[WarehouseId] = [w0].[Id]
      WHERE [s].[IsDeleted] = CAST(0 AS bit)
      ORDER BY [s].[MovementDate] DESC, [s].[CreatedAt] DESC
info: Microsoft.EntityFrameworkCore.Database.Command[20101]
      Executed DbCommand (3ms) [Parameters=[], CommandType='Text', CommandTimeout='30']
      SELECT [i].[Id], [i].[Barcode], [i].[CategoryId], [i].[Code], [i].[CostPrice], [i].[CreatedAt], [i].[CreatedBy], [i].[CurrentStock], [i].[Description], [i].[IsActive], [i].[IsDeleted], [i].[IsSystem], [i].[MaxStockLevel], [i].[MinStockLevel], [i].[NameAr], [i].[NameEn], [i].[SalePrice], [i].[UnitId], [i].[UpdatedAt], [i].[UpdatedBy], [c0].[Id], [c0].[Code], [c0].[CreatedAt], [c0].[CreatedBy], [c0].[Description], [c0].[IsActive], [c0].[IsDeleted], [c0].[IsSystem], [c0].[NameAr], [c0].[NameEn], [c0].[ParentCategoryId], [c0].[UpdatedAt], [c0].[UpdatedBy], [u0].[Id], [u0].[Code], [u0].[CreatedAt], [u0].[CreatedBy], [u0].[IsActive], [u0].[IsDeleted], [u0].[IsSystem], [u0].[NameAr], [u0].[NameEn], [u0].[UpdatedAt], [u0].[UpdatedBy]
      FROM [Items] AS [i]
      INNER JOIN (
          SELECT [c].[Id], [c].[Code], [c].[CreatedAt], [c].[CreatedBy], [c].[Description], [c].[IsActive], [c].[IsDeleted], [c].[IsSystem], [c].[NameAr], [c].[NameEn], [c].[ParentCategoryId], [c].[UpdatedAt], [c].[UpdatedBy]
          FROM [Categories] AS [c]
          WHERE [c].[IsDeleted] = CAST(0 AS bit)
      ) AS [c0] ON [i].[CategoryId] = [c0].[Id]
      INNER JOIN (
          SELECT [u].[Id], [u].[Code], [u].[CreatedAt], [u].[CreatedBy], [u].[IsActive], [u].[IsDeleted], [u].[IsSystem], [u].[NameAr], [u].[NameEn], [u].[UpdatedAt], [u].[UpdatedBy]
          FROM [Units] AS [u]
          WHERE [u].[IsDeleted] = CAST(0 AS bit)
      ) AS [u0] ON [i].[UnitId] = [u0].[Id]
      WHERE [i].[IsDeleted] = CAST(0 AS bit)
      ORDER BY [i].[Code]
info: Microsoft.EntityFrameworkCore.Database.Command[20101]
      Executed DbCommand (1ms) [Parameters=[], CommandType='Text', CommandTimeout='30']
      SELECT [s].[Id], [s].[CogsJournalEntryId], [s].[CreatedAt], [s].[CreatedBy], [s].[CustomerId], [s].[DiscountAmount], [s].[DiscountPercentage], [s].[InvoiceDate], [s].[InvoiceNumber], [s].[InvoiceType], [s].[IsDeleted], [s].[IsPos], [s].[Note], [s].[PaidAmount], [s].[SalesJournalEntryId], [s].[Status], [s].[SubTotal], [s].[TaxAmount], [s].[TaxRate], [s].[TotalAmount], [s].[UpdatedAt], [s].[UpdatedBy], [s].[WarehouseId], [c0].[Id], [c0].[Address], [c0].[Code], [c0].[CreatedAt], [c0].[CreatedBy], [c0].[CreditLimit], [c0].[CurrentBalance], [c0].[Email], [c0].[IsActive], [c0].[IsDeleted], [c0].[IsSystem], [c0].[NameAr], [c0].[NameEn], [c0].[Notes], [c0].[Phone], [c0].[TaxNumber], [c0].[UpdatedAt], [c0].[UpdatedBy], [w0].[Id], [w0].[Code], [w0].[CreatedAt], [w0].[CreatedBy], [w0].[IsActive], [w0].[IsDefault], [w0].[IsDeleted], [w0].[IsSystem], [w0].[Location], [w0].[NameAr], [w0].[NameEn], [w0].[UpdatedAt], [w0].[UpdatedBy]
      FROM [SalesInvoices] AS [s]
      INNER JOIN (
          SELECT [c].[Id], [c].[Address], [c].[Code], [c].[CreatedAt], [c].[CreatedBy], [c].[CreditLimit], [c].[CurrentBalance], [c].[Email], [c].[IsActive], [c].[IsDeleted], [c].[IsSystem], [c].[NameAr], [c].[NameEn], [c].[Notes], [c].[Phone], [c].[TaxNumber], [c].[UpdatedAt], [c].[UpdatedBy]
          FROM [Customers] AS [c]
          WHERE [c].[IsDeleted] = CAST(0 AS bit)
      ) AS [c0] ON [s].[CustomerId] = [c0].[Id]
      INNER JOIN (
          SELECT [w].[Id], [w].[Code], [w].[CreatedAt], [w].[CreatedBy], [w].[IsActive], [w].[IsDefault], [w].[IsDeleted], [w].[IsSystem], [w].[Location], [w].[NameAr], [w].[NameEn], [w].[UpdatedAt], [w].[UpdatedBy]
          FROM [Warehouses] AS [w]
          WHERE [w].[IsDeleted] = CAST(0 AS bit)
      ) AS [w0] ON [s].[WarehouseId] = [w0].[Id]
      WHERE [s].[IsDeleted] = CAST(0 AS bit)
      ORDER BY [s].[InvoiceDate] DESC, [s].[CreatedAt] DESC
info: Microsoft.EntityFrameworkCore.Database.Command[20101]
      Executed DbCommand (1ms) [Parameters=[], CommandType='Text', CommandTimeout='30']
      SELECT [p].[Id], [p].[CreatedAt], [p].[CreatedBy], [p].[InvoiceDate], [p].[InvoiceNumber], [p].[InvoiceType], [p].[IsDeleted], [p].[JournalEntryId], [p].[Note], [p].[PaidAmount], [p].[Status], [p].[SubTotal], [p].[SupplierId], [p].[TotalAmount], [p].[UpdatedAt], [p].[UpdatedBy], [p].[WarehouseId], [s0].[Id], [s0].[Address], [s0].[Code], [s0].[CreatedAt], [s0].[CreatedBy], [s0].[CreditLimit], [s0].[CurrentBalance], [s0].[Email], [s0].[IsActive], [s0].[IsDeleted], [s0].[IsSystem], [s0].[NameAr], [s0].[NameEn], [s0].[Notes], [s0].[Phone], [s0].[TaxNumber], [s0].[UpdatedAt], [s0].[UpdatedBy], [w0].[Id], [w0].[Code], [w0].[CreatedAt], [w0].[CreatedBy], [w0].[IsActive], [w0].[IsDefault], [w0].[IsDeleted], [w0].[IsSystem], [w0].[Location], [w0].[NameAr], [w0].[NameEn], [w0].[UpdatedAt], [w0].[UpdatedBy]
      FROM [PurchaseInvoices] AS [p]
      INNER JOIN (
          SELECT [s].[Id], [s].[Address], [s].[Code], [s].[CreatedAt], [s].[CreatedBy], [s].[CreditLimit], [s].[CurrentBalance], [s].[Email], [s].[IsActive], [s].[IsDeleted], [s].[IsSystem], [s].[NameAr], [s].[NameEn], [s].[Notes], [s].[Phone], [s].[TaxNumber], [s].[UpdatedAt], [s].[UpdatedBy]
          FROM [Suppliers] AS [s]
          WHERE [s].[IsDeleted] = CAST(0 AS bit)
      ) AS [s0] ON [p].[SupplierId] = [s0].[Id]
      INNER JOIN (
          SELECT [w].[Id], [w].[Code], [w].[CreatedAt], [w].[CreatedBy], [w].[IsActive], [w].[IsDefault], [w].[IsDeleted], [w].[IsSystem], [w].[Location], [w].[NameAr], [w].[NameEn], [w].[UpdatedAt], [w].[UpdatedBy]
          FROM [Warehouses] AS [w]
          WHERE [w].[IsDeleted] = CAST(0 AS bit)
      ) AS [w0] ON [p].[WarehouseId] = [w0].[Id]
      WHERE [p].[IsDeleted] = CAST(0 AS bit)
      ORDER BY [p].[InvoiceDate] DESC, [p].[CreatedAt] DESC
info: Microsoft.EntityFrameworkCore.Database.Command[20101]
      Executed DbCommand (2ms) [Parameters=[], CommandType='Text', CommandTimeout='30']
      SELECT [s].[Id], [s].[CreatedAt], [s].[CreatedBy], [s].[IsDeleted], [s].[ItemId], [s].[MovementDate], [s].[MovementType], [s].[Note], [s].[Quantity], [s].[ReferenceNumber], [s].[UnitCost], [s].[UpdatedAt], [s].[UpdatedBy], [s].[WarehouseId], [i0].[Id], [i0].[Barcode], [i0].[CategoryId], [i0].[Code], [i0].[CostPrice], [i0].[CreatedAt], [i0].[CreatedBy], [i0].[CurrentStock], [i0].[Description], [i0].[IsActive], [i0].[IsDeleted], [i0].[IsSystem], [i0].[MaxStockLevel], [i0].[MinStockLevel], [i0].[NameAr], [i0].[NameEn], [i0].[SalePrice], [i0].[UnitId], [i0].[UpdatedAt], [i0].[UpdatedBy], [w0].[Id], [w0].[Code], [w0].[CreatedAt], [w0].[CreatedBy], [w0].[IsActive], [w0].[IsDefault], [w0].[IsDeleted], [w0].[IsSystem], [w0].[Location], [w0].[NameAr], [w0].[NameEn], [w0].[UpdatedAt], [w0].[UpdatedBy]
      FROM [StockMovements] AS [s]
      INNER JOIN (
          SELECT [i].[Id], [i].[Barcode], [i].[CategoryId], [i].[Code], [i].[CostPrice], [i].[CreatedAt], [i].[CreatedBy], [i].[CurrentStock], [i].[Description], [i].[IsActive], [i].[IsDeleted], [i].[IsSystem], [i].[MaxStockLevel], [i].[MinStockLevel], [i].[NameAr], [i].[NameEn], [i].[SalePrice], [i].[UnitId], [i].[UpdatedAt], [i].[UpdatedBy]
          FROM [Items] AS [i]
          WHERE [i].[IsDeleted] = CAST(0 AS bit)
      ) AS [i0] ON [s].[ItemId] = [i0].[Id]
      INNER JOIN (
          SELECT [w].[Id], [w].[Code], [w].[CreatedAt], [w].[CreatedBy], [w].[IsActive], [w].[IsDefault], [w].[IsDeleted], [w].[IsSystem], [w].[Location], [w].[NameAr], [w].[NameEn], [w].[UpdatedAt], [w].[UpdatedBy]
          FROM [Warehouses] AS [w]
          WHERE [w].[IsDeleted] = CAST(0 AS bit)
      ) AS [w0] ON [s].[WarehouseId] = [w0].[Id]
      WHERE [s].[IsDeleted] = CAST(0 AS bit)
      ORDER BY [s].[MovementDate] DESC, [s].[CreatedAt] DESC
info: Microsoft.EntityFrameworkCore.Database.Command[20101]
      Executed DbCommand (1ms) [Parameters=[], CommandType='Text', CommandTimeout='30']
      SELECT [i].[Id], [i].[Barcode], [i].[CategoryId], [i].[Code], [i].[CostPrice], [i].[CreatedAt], [i].[CreatedBy], [i].[CurrentStock], [i].[Description], [i].[IsActive], [i].[IsDeleted], [i].[IsSystem], [i].[MaxStockLevel], [i].[MinStockLevel], [i].[NameAr], [i].[NameEn], [i].[SalePrice], [i].[UnitId], [i].[UpdatedAt], [i].[UpdatedBy], [c0].[Id], [c0].[Code], [c0].[CreatedAt], [c0].[CreatedBy], [c0].[Description], [c0].[IsActive], [c0].[IsDeleted], [c0].[IsSystem], [c0].[NameAr], [c0].[NameEn], [c0].[ParentCategoryId], [c0].[UpdatedAt], [c0].[UpdatedBy], [u0].[Id], [u0].[Code], [u0].[CreatedAt], [u0].[CreatedBy], [u0].[IsActive], [u0].[IsDeleted], [u0].[IsSystem], [u0].[NameAr], [u0].[NameEn], [u0].[UpdatedAt], [u0].[UpdatedBy]
      FROM [Items] AS [i]
      INNER JOIN (
          SELECT [c].[Id], [c].[Code], [c].[CreatedAt], [c].[CreatedBy], [c].[Description], [c].[IsActive], [c].[IsDeleted], [c].[IsSystem], [c].[NameAr], [c].[NameEn], [c].[ParentCategoryId], [c].[UpdatedAt], [c].[UpdatedBy]
          FROM [Categories] AS [c]
          WHERE [c].[IsDeleted] = CAST(0 AS bit)
      ) AS [c0] ON [i].[CategoryId] = [c0].[Id]
      INNER JOIN (
          SELECT [u].[Id], [u].[Code], [u].[CreatedAt], [u].[CreatedBy], [u].[IsActive], [u].[IsDeleted], [u].[IsSystem], [u].[NameAr], [u].[NameEn], [u].[UpdatedAt], [u].[UpdatedBy]
          FROM [Units] AS [u]
          WHERE [u].[IsDeleted] = CAST(0 AS bit)
      ) AS [u0] ON [i].[UnitId] = [u0].[Id]
      WHERE [i].[IsDeleted] = CAST(0 AS bit)
      ORDER BY [i].[Code]
info: Microsoft.EntityFrameworkCore.Database.Command[20101]
      Executed DbCommand (2ms) [Parameters=[], CommandType='Text', CommandTimeout='30']
      SELECT [s].[Id], [s].[CogsJournalEntryId], [s].[CreatedAt], [s].[CreatedBy], [s].[CustomerId], [s].[DiscountAmount], [s].[DiscountPercentage], [s].[InvoiceDate], [s].[InvoiceNumber], [s].[InvoiceType], [s].[IsDeleted], [s].[IsPos], [s].[Note], [s].[PaidAmount], [s].[SalesJournalEntryId], [s].[Status], [s].[SubTotal], [s].[TaxAmount], [s].[TaxRate], [s].[TotalAmount], [s].[UpdatedAt], [s].[UpdatedBy], [s].[WarehouseId], [c0].[Id], [c0].[Address], [c0].[Code], [c0].[CreatedAt], [c0].[CreatedBy], [c0].[CreditLimit], [c0].[CurrentBalance], [c0].[Email], [c0].[IsActive], [c0].[IsDeleted], [c0].[IsSystem], [c0].[NameAr], [c0].[NameEn], [c0].[Notes], [c0].[Phone], [c0].[TaxNumber], [c0].[UpdatedAt], [c0].[UpdatedBy], [w0].[Id], [w0].[Code], [w0].[CreatedAt], [w0].[CreatedBy], [w0].[IsActive], [w0].[IsDefault], [w0].[IsDeleted], [w0].[IsSystem], [w0].[Location], [w0].[NameAr], [w0].[NameEn], [w0].[UpdatedAt], [w0].[UpdatedBy]
      FROM [SalesInvoices] AS [s]
      INNER JOIN (
          SELECT [c].[Id], [c].[Address], [c].[Code], [c].[CreatedAt], [c].[CreatedBy], [c].[CreditLimit], [c].[CurrentBalance], [c].[Email], [c].[IsActive], [c].[IsDeleted], [c].[IsSystem], [c].[NameAr], [c].[NameEn], [c].[Notes], [c].[Phone], [c].[TaxNumber], [c].[UpdatedAt], [c].[UpdatedBy]
          FROM [Customers] AS [c]
          WHERE [c].[IsDeleted] = CAST(0 AS bit)
      ) AS [c0] ON [s].[CustomerId] = [c0].[Id]
      INNER JOIN (
          SELECT [w].[Id], [w].[Code], [w].[CreatedAt], [w].[CreatedBy], [w].[IsActive], [w].[IsDefault], [w].[IsDeleted], [w].[IsSystem], [w].[Location], [w].[NameAr], [w].[NameEn], [w].[UpdatedAt], [w].[UpdatedBy]
          FROM [Warehouses] AS [w]
          WHERE [w].[IsDeleted] = CAST(0 AS bit)
      ) AS [w0] ON [s].[WarehouseId] = [w0].[Id]
      WHERE [s].[IsDeleted] = CAST(0 AS bit)
      ORDER BY [s].[InvoiceDate] DESC, [s].[CreatedAt] DESC
info: Microsoft.EntityFrameworkCore.Database.Command[20101]
      Executed DbCommand (11ms) [Parameters=[], CommandType='Text', CommandTimeout='30']
      SELECT [p].[Id], [p].[CreatedAt], [p].[CreatedBy], [p].[InvoiceDate], [p].[InvoiceNumber], [p].[InvoiceType], [p].[IsDeleted], [p].[JournalEntryId], [p].[Note], [p].[PaidAmount], [p].[Status], [p].[SubTotal], [p].[SupplierId], [p].[TotalAmount], [p].[UpdatedAt], [p].[UpdatedBy], [p].[WarehouseId], [s0].[Id], [s0].[Address], [s0].[Code], [s0].[CreatedAt], [s0].[CreatedBy], [s0].[CreditLimit], [s0].[CurrentBalance], [s0].[Email], [s0].[IsActive], [s0].[IsDeleted], [s0].[IsSystem], [s0].[NameAr], [s0].[NameEn], [s0].[Notes], [s0].[Phone], [s0].[TaxNumber], [s0].[UpdatedAt], [s0].[UpdatedBy], [w0].[Id], [w0].[Code], [w0].[CreatedAt], [w0].[CreatedBy], [w0].[IsActive], [w0].[IsDefault], [w0].[IsDeleted], [w0].[IsSystem], [w0].[Location], [w0].[NameAr], [w0].[NameEn], [w0].[UpdatedAt], [w0].[UpdatedBy]
      FROM [PurchaseInvoices] AS [p]
      INNER JOIN (
          SELECT [s].[Id], [s].[Address], [s].[Code], [s].[CreatedAt], [s].[CreatedBy], [s].[CreditLimit], [s].[CurrentBalance], [s].[Email], [s].[IsActive], [s].[IsDeleted], [s].[IsSystem], [s].[NameAr], [s].[NameEn], [s].[Notes], [s].[Phone], [s].[TaxNumber], [s].[UpdatedAt], [s].[UpdatedBy]
          FROM [Suppliers] AS [s]
          WHERE [s].[IsDeleted] = CAST(0 AS bit)
      ) AS [s0] ON [p].[SupplierId] = [s0].[Id]
      INNER JOIN (
          SELECT [w].[Id], [w].[Code], [w].[CreatedAt], [w].[CreatedBy], [w].[IsActive], [w].[IsDefault], [w].[IsDeleted], [w].[IsSystem], [w].[Location], [w].[NameAr], [w].[NameEn], [w].[UpdatedAt], [w].[UpdatedBy]
          FROM [Warehouses] AS [w]
          WHERE [w].[IsDeleted] = CAST(0 AS bit)
      ) AS [w0] ON [p].[WarehouseId] = [w0].[Id]
      WHERE [p].[IsDeleted] = CAST(0 AS bit)
      ORDER BY [p].[InvoiceDate] DESC, [p].[CreatedAt] DESC
info: Microsoft.EntityFrameworkCore.Database.Command[20101]
      Executed DbCommand (1ms) [Parameters=[], CommandType='Text', CommandTimeout='30']
      SELECT [s].[Id], [s].[CreatedAt], [s].[CreatedBy], [s].[IsDeleted], [s].[ItemId], [s].[MovementDate], [s].[MovementType], [s].[Note], [s].[Quantity], [s].[ReferenceNumber], [s].[UnitCost], [s].[UpdatedAt], [s].[UpdatedBy], [s].[WarehouseId], [i0].[Id], [i0].[Barcode], [i0].[CategoryId], [i0].[Code], [i0].[CostPrice], [i0].[CreatedAt], [i0].[CreatedBy], [i0].[CurrentStock], [i0].[Description], [i0].[IsActive], [i0].[IsDeleted], [i0].[IsSystem], [i0].[MaxStockLevel], [i0].[MinStockLevel], [i0].[NameAr], [i0].[NameEn], [i0].[SalePrice], [i0].[UnitId], [i0].[UpdatedAt], [i0].[UpdatedBy], [w0].[Id], [w0].[Code], [w0].[CreatedAt], [w0].[CreatedBy], [w0].[IsActive], [w0].[IsDefault], [w0].[IsDeleted], [w0].[IsSystem], [w0].[Location], [w0].[NameAr], [w0].[NameEn], [w0].[UpdatedAt], [w0].[UpdatedBy]
      FROM [StockMovements] AS [s]
      INNER JOIN (
          SELECT [i].[Id], [i].[Barcode], [i].[CategoryId], [i].[Code], [i].[CostPrice], [i].[CreatedAt], [i].[CreatedBy], [i].[CurrentStock], [i].[Description], [i].[IsActive], [i].[IsDeleted], [i].[IsSystem], [i].[MaxStockLevel], [i].[MinStockLevel], [i].[NameAr], [i].[NameEn], [i].[SalePrice], [i].[UnitId], [i].[UpdatedAt], [i].[UpdatedBy]
          FROM [Items] AS [i]
          WHERE [i].[IsDeleted] = CAST(0 AS bit)
      ) AS [i0] ON [s].[ItemId] = [i0].[Id]
      INNER JOIN (
          SELECT [w].[Id], [w].[Code], [w].[CreatedAt], [w].[CreatedBy], [w].[IsActive], [w].[IsDefault], [w].[IsDeleted], [w].[IsSystem], [w].[Location], [w].[NameAr], [w].[NameEn], [w].[UpdatedAt], [w].[UpdatedBy]
          FROM [Warehouses] AS [w]
          WHERE [w].[IsDeleted] = CAST(0 AS bit)
      ) AS [w0] ON [s].[WarehouseId] = [w0].[Id]
      WHERE [s].[IsDeleted] = CAST(0 AS bit)
      ORDER BY [s].[MovementDate] DESC, [s].[CreatedAt] DESC
info: Microsoft.EntityFrameworkCore.Database.Command[20101]
      Executed DbCommand (13ms) [Parameters=[@normalizedUserName='?' (Size = 256)], CommandType='Text', CommandTimeout='30']
      SELECT TOP(1) [a].[Id], [a].[AccessFailedCount], [a].[ConcurrencyStamp], [a].[Email], [a].[EmailConfirmed], [a].[LockoutEnabled], [a].[LockoutEnd], [a].[NormalizedEmail], [a].[NormalizedUserName], [a].[PasswordHash], [a].[PhoneNumber], [a].[PhoneNumberConfirmed], [a].[SecurityStamp], [a].[TwoFactorEnabled], [a].[UserName]
      FROM [AspNetUsers] AS [a]
      WHERE [a].[NormalizedUserName] = @normalizedUserName
info: Microsoft.EntityFrameworkCore.Database.Command[20101]
      Executed DbCommand (3ms) [Parameters=[@user_Id='?' (Size = 450)], CommandType='Text', CommandTimeout='30']
      SELECT [a].[Id], [a].[ClaimType], [a].[ClaimValue], [a].[UserId]
      FROM [AspNetUserClaims] AS [a]
      WHERE [a].[UserId] = @user_Id
info: Microsoft.EntityFrameworkCore.Database.Command[20101]
      Executed DbCommand (4ms) [Parameters=[@userId='?' (Size = 450)], CommandType='Text', CommandTimeout='30']
      SELECT [a0].[Name]
      FROM [AspNetUserRoles] AS [a]
      INNER JOIN [AspNetRoles] AS [a0] ON [a].[RoleId] = [a0].[Id]
      WHERE [a].[UserId] = @userId
info: Microsoft.EntityFrameworkCore.Database.Command[20101]
      Executed DbCommand (2ms) [Parameters=[@normalizedName='?' (Size = 256)], CommandType='Text', CommandTimeout='30']
      SELECT TOP(1) [a].[Id], [a].[ConcurrencyStamp], [a].[Name], [a].[NormalizedName]
      FROM [AspNetRoles] AS [a]
      WHERE [a].[NormalizedName] = @normalizedName
info: Microsoft.EntityFrameworkCore.Database.Command[20101]
      Executed DbCommand (3ms) [Parameters=[@role_Id='?' (Size = 450)], CommandType='Text', CommandTimeout='30']
      SELECT [a].[ClaimType], [a].[ClaimValue]
      FROM [AspNetRoleClaims] AS [a]
      WHERE [a].[RoleId] = @role_Id
info: Microsoft.EntityFrameworkCore.Database.Command[20101]
      Executed DbCommand (1ms) [Parameters=[@userId='?' (Size = 450)], CommandType='Text', CommandTimeout='30']
      SELECT [a0].[Name]
      FROM [AspNetUserRoles] AS [a]
      INNER JOIN [AspNetRoles] AS [a0] ON [a].[RoleId] = [a0].[Id]
      WHERE [a].[UserId] = @userId
info: Microsoft.EntityFrameworkCore.Database.Command[20101]
      Executed DbCommand (1ms) [Parameters=[@normalizedName='?' (Size = 256)], CommandType='Text', CommandTimeout='30']
      SELECT TOP(1) [a].[Id], [a].[ConcurrencyStamp], [a].[Name], [a].[NormalizedName]
      FROM [AspNetRoles] AS [a]
      WHERE [a].[NormalizedName] = @normalizedName
info: Microsoft.EntityFrameworkCore.Database.Command[20101]
      Executed DbCommand (1ms) [Parameters=[@role_Id='?' (Size = 450)], CommandType='Text', CommandTimeout='30']
      SELECT [a].[ClaimType], [a].[ClaimValue]
      FROM [AspNetRoleClaims] AS [a]
      WHERE [a].[RoleId] = @role_Id
info: Microsoft.EntityFrameworkCore.Database.Command[20101]
      Executed DbCommand (11ms) [Parameters=[@normalizedUserName='?' (Size = 256)], CommandType='Text', CommandTimeout='30']
      SELECT TOP(1) [a].[Id], [a].[AccessFailedCount], [a].[ConcurrencyStamp], [a].[Email], [a].[EmailConfirmed], [a].[LockoutEnabled], [a].[LockoutEnd], [a].[NormalizedEmail], [a].[NormalizedUserName], [a].[PasswordHash], [a].[PhoneNumber], [a].[PhoneNumberConfirmed], [a].[SecurityStamp], [a].[TwoFactorEnabled], [a].[UserName]
      FROM [AspNetUsers] AS [a]
      WHERE [a].[NormalizedUserName] = @normalizedUserName
info: Microsoft.EntityFrameworkCore.Database.Command[20101]
      Executed DbCommand (1ms) [Parameters=[@userId='?' (Size = 450)], CommandType='Text', CommandTimeout='30']
      SELECT [a0].[Name]
      FROM [AspNetUserRoles] AS [a]
      INNER JOIN [AspNetRoles] AS [a0] ON [a].[RoleId] = [a0].[Id]
      WHERE [a].[UserId] = @userId
info: Microsoft.EntityFrameworkCore.Database.Command[20101]
      Executed DbCommand (1ms) [Parameters=[@normalizedName='?' (Size = 256)], CommandType='Text', CommandTimeout='30']
      SELECT TOP(1) [a].[Id], [a].[ConcurrencyStamp], [a].[Name], [a].[NormalizedName]
      FROM [AspNetRoles] AS [a]
      WHERE [a].[NormalizedName] = @normalizedName
info: Microsoft.EntityFrameworkCore.Database.Command[20101]
      Executed DbCommand (3ms) [Parameters=[@role_Id='?' (Size = 450)], CommandType='Text', CommandTimeout='30']
      SELECT [a].[ClaimType], [a].[ClaimValue]
      FROM [AspNetRoleClaims] AS [a]
      WHERE [a].[RoleId] = @role_Id
info: Microsoft.EntityFrameworkCore.Database.Command[20101]
      Executed DbCommand (1ms) [Parameters=[@normalizedUserName='?' (Size = 256)], CommandType='Text', CommandTimeout='30']
      SELECT TOP(1) [a].[Id], [a].[AccessFailedCount], [a].[ConcurrencyStamp], [a].[Email], [a].[EmailConfirmed], [a].[LockoutEnabled], [a].[LockoutEnd], [a].[NormalizedEmail], [a].[NormalizedUserName], [a].[PasswordHash], [a].[PhoneNumber], [a].[PhoneNumberConfirmed], [a].[SecurityStamp], [a].[TwoFactorEnabled], [a].[UserName]
      FROM [AspNetUsers] AS [a]
      WHERE [a].[NormalizedUserName] = @normalizedUserName
info: Microsoft.EntityFrameworkCore.Database.Command[20101]
      Executed DbCommand (1ms) [Parameters=[@userId='?' (Size = 450)], CommandType='Text', CommandTimeout='30']
      SELECT [a0].[Name]
      FROM [AspNetUserRoles] AS [a]
      INNER JOIN [AspNetRoles] AS [a0] ON [a].[RoleId] = [a0].[Id]
      WHERE [a].[UserId] = @userId
info: Microsoft.EntityFrameworkCore.Database.Command[20101]
      Executed DbCommand (1ms) [Parameters=[@normalizedName='?' (Size = 256)], CommandType='Text', CommandTimeout='30']
      SELECT TOP(1) [a].[Id], [a].[ConcurrencyStamp], [a].[Name], [a].[NormalizedName]
      FROM [AspNetRoles] AS [a]
      WHERE [a].[NormalizedName] = @normalizedName
info: Microsoft.EntityFrameworkCore.Database.Command[20101]
      Executed DbCommand (1ms) [Parameters=[@role_Id='?' (Size = 450)], CommandType='Text', CommandTimeout='30']
      SELECT [a].[ClaimType], [a].[ClaimValue]
      FROM [AspNetRoleClaims] AS [a]
      WHERE [a].[RoleId] = @role_Id
info: Microsoft.EntityFrameworkCore.Database.Command[20101]
      Executed DbCommand (1ms) [Parameters=[@normalizedUserName='?' (Size = 256)], CommandType='Text', CommandTimeout='30']
      SELECT TOP(1) [a].[Id], [a].[AccessFailedCount], [a].[ConcurrencyStamp], [a].[Email], [a].[EmailConfirmed], [a].[LockoutEnabled], [a].[LockoutEnd], [a].[NormalizedEmail], [a].[NormalizedUserName], [a].[PasswordHash], [a].[PhoneNumber], [a].[PhoneNumberConfirmed], [a].[SecurityStamp], [a].[TwoFactorEnabled], [a].[UserName]
      FROM [AspNetUsers] AS [a]
      WHERE [a].[NormalizedUserName] = @normalizedUserName
info: Microsoft.EntityFrameworkCore.Database.Command[20101]
      Executed DbCommand (1ms) [Parameters=[@user_Id='?' (Size = 450)], CommandType='Text', CommandTimeout='30']
      SELECT [a].[Id], [a].[ClaimType], [a].[ClaimValue], [a].[UserId]
      FROM [AspNetUserClaims] AS [a]
      WHERE [a].[UserId] = @user_Id
info: Microsoft.EntityFrameworkCore.Database.Command[20101]
      Executed DbCommand (1ms) [Parameters=[@userId='?' (Size = 450)], CommandType='Text', CommandTimeout='30']
      SELECT [a0].[Name]
      FROM [AspNetUserRoles] AS [a]
      INNER JOIN [AspNetRoles] AS [a0] ON [a].[RoleId] = [a0].[Id]
      WHERE [a].[UserId] = @userId
info: Microsoft.EntityFrameworkCore.Database.Command[20101]
      Executed DbCommand (1ms) [Parameters=[@normalizedName='?' (Size = 256)], CommandType='Text', CommandTimeout='30']
      SELECT TOP(1) [a].[Id], [a].[ConcurrencyStamp], [a].[Name], [a].[NormalizedName]
      FROM [AspNetRoles] AS [a]
      WHERE [a].[NormalizedName] = @normalizedName
info: Microsoft.EntityFrameworkCore.Database.Command[20101]
      Executed DbCommand (1ms) [Parameters=[@role_Id='?' (Size = 450)], CommandType='Text', CommandTimeout='30']
      SELECT [a].[ClaimType], [a].[ClaimValue]
      FROM [AspNetRoleClaims] AS [a]
      WHERE [a].[RoleId] = @role_Id
info: Microsoft.EntityFrameworkCore.Database.Command[20101]
      Executed DbCommand (1ms) [Parameters=[@userId='?' (Size = 450)], CommandType='Text', CommandTimeout='30']
      SELECT [a0].[Name]
      FROM [AspNetUserRoles] AS [a]
      INNER JOIN [AspNetRoles] AS [a0] ON [a].[RoleId] = [a0].[Id]
      WHERE [a].[UserId] = @userId
info: Microsoft.EntityFrameworkCore.Database.Command[20101]
      Executed DbCommand (1ms) [Parameters=[@normalizedName='?' (Size = 256)], CommandType='Text', CommandTimeout='30']
      SELECT TOP(1) [a].[Id], [a].[ConcurrencyStamp], [a].[Name], [a].[NormalizedName]
      FROM [AspNetRoles] AS [a]
      WHERE [a].[NormalizedName] = @normalizedName
info: Microsoft.EntityFrameworkCore.Database.Command[20101]
      Executed DbCommand (1ms) [Parameters=[@role_Id='?' (Size = 450)], CommandType='Text', CommandTimeout='30']
      SELECT [a].[ClaimType], [a].[ClaimValue]
      FROM [AspNetRoleClaims] AS [a]
      WHERE [a].[RoleId] = @role_Id
info: Microsoft.EntityFrameworkCore.Database.Command[20101]
      Executed DbCommand (1ms) [Parameters=[@normalizedUserName='?' (Size = 256)], CommandType='Text', CommandTimeout='30']
      SELECT TOP(1) [a].[Id], [a].[AccessFailedCount], [a].[ConcurrencyStamp], [a].[Email], [a].[EmailConfirmed], [a].[LockoutEnabled], [a].[LockoutEnd], [a].[NormalizedEmail], [a].[NormalizedUserName], [a].[PasswordHash], [a].[PhoneNumber], [a].[PhoneNumberConfirmed], [a].[SecurityStamp], [a].[TwoFactorEnabled], [a].[UserName]
      FROM [AspNetUsers] AS [a]
      WHERE [a].[NormalizedUserName] = @normalizedUserName
info: Microsoft.EntityFrameworkCore.Database.Command[20101]
      Executed DbCommand (2ms) [Parameters=[@userId='?' (Size = 450)], CommandType='Text', CommandTimeout='30']
      SELECT [a0].[Name]
      FROM [AspNetUserRoles] AS [a]
      INNER JOIN [AspNetRoles] AS [a0] ON [a].[RoleId] = [a0].[Id]
      WHERE [a].[UserId] = @userId
info: Microsoft.EntityFrameworkCore.Database.Command[20101]
      Executed DbCommand (2ms) [Parameters=[@normalizedName='?' (Size = 256)], CommandType='Text', CommandTimeout='30']
      SELECT TOP(1) [a].[Id], [a].[ConcurrencyStamp], [a].[Name], [a].[NormalizedName]
      FROM [AspNetRoles] AS [a]
      WHERE [a].[NormalizedName] = @normalizedName
info: Microsoft.EntityFrameworkCore.Database.Command[20101]
      Executed DbCommand (1ms) [Parameters=[@role_Id='?' (Size = 450)], CommandType='Text', CommandTimeout='30']
      SELECT [a].[ClaimType], [a].[ClaimValue]
      FROM [AspNetRoleClaims] AS [a]
      WHERE [a].[RoleId] = @role_Id
info: Microsoft.EntityFrameworkCore.Database.Command[20101]
      Executed DbCommand (1ms) [Parameters=[@normalizedUserName='?' (Size = 256)], CommandType='Text', CommandTimeout='30']
      SELECT TOP(1) [a].[Id], [a].[AccessFailedCount], [a].[ConcurrencyStamp], [a].[Email], [a].[EmailConfirmed], [a].[LockoutEnabled], [a].[LockoutEnd], [a].[NormalizedEmail], [a].[NormalizedUserName], [a].[PasswordHash], [a].[PhoneNumber], [a].[PhoneNumberConfirmed], [a].[SecurityStamp], [a].[TwoFactorEnabled], [a].[UserName]
      FROM [AspNetUsers] AS [a]
      WHERE [a].[NormalizedUserName] = @normalizedUserName
info: Microsoft.EntityFrameworkCore.Database.Command[20101]
      Executed DbCommand (1ms) [Parameters=[@user_Id='?' (Size = 450)], CommandType='Text', CommandTimeout='30']
      SELECT [a].[Id], [a].[ClaimType], [a].[ClaimValue], [a].[UserId]
      FROM [AspNetUserClaims] AS [a]
      WHERE [a].[UserId] = @user_Id
info: Microsoft.EntityFrameworkCore.Database.Command[20101]
      Executed DbCommand (0ms) [Parameters=[@userId='?' (Size = 450)], CommandType='Text', CommandTimeout='30']
      SELECT [a0].[Name]
      FROM [AspNetUserRoles] AS [a]
      INNER JOIN [AspNetRoles] AS [a0] ON [a].[RoleId] = [a0].[Id]
      WHERE [a].[UserId] = @userId
info: Microsoft.EntityFrameworkCore.Database.Command[20101]
      Executed DbCommand (0ms) [Parameters=[@normalizedName='?' (Size = 256)], CommandType='Text', CommandTimeout='30']
      SELECT TOP(1) [a].[Id], [a].[ConcurrencyStamp], [a].[Name], [a].[NormalizedName]
      FROM [AspNetRoles] AS [a]
      WHERE [a].[NormalizedName] = @normalizedName
info: Microsoft.EntityFrameworkCore.Database.Command[20101]
      Executed DbCommand (1ms) [Parameters=[@role_Id='?' (Size = 450)], CommandType='Text', CommandTimeout='30']
      SELECT [a].[ClaimType], [a].[ClaimValue]
      FROM [AspNetRoleClaims] AS [a]
      WHERE [a].[RoleId] = @role_Id
info: Microsoft.EntityFrameworkCore.Database.Command[20101]
      Executed DbCommand (1ms) [Parameters=[@userId='?' (Size = 450)], CommandType='Text', CommandTimeout='30']
      SELECT [a0].[Name]
      FROM [AspNetUserRoles] AS [a]
      INNER JOIN [AspNetRoles] AS [a0] ON [a].[RoleId] = [a0].[Id]
      WHERE [a].[UserId] = @userId
info: Microsoft.EntityFrameworkCore.Database.Command[20101]
      Executed DbCommand (1ms) [Parameters=[@normalizedName='?' (Size = 256)], CommandType='Text', CommandTimeout='30']
      SELECT TOP(1) [a].[Id], [a].[ConcurrencyStamp], [a].[Name], [a].[NormalizedName]
      FROM [AspNetRoles] AS [a]
      WHERE [a].[NormalizedName] = @normalizedName
info: Microsoft.EntityFrameworkCore.Database.Command[20101]
      Executed DbCommand (1ms) [Parameters=[@role_Id='?' (Size = 450)], CommandType='Text', CommandTimeout='30']
      SELECT [a].[ClaimType], [a].[ClaimValue]
      FROM [AspNetRoleClaims] AS [a]
      WHERE [a].[RoleId] = @role_Id
